---
http_interactions:
- request:
    method: post
    uri: https://login.microsoftonline.com/4d44bf36-9b56-45c0-8807-bbf386dd047f/oauth2/v2.0/token
    body:
      encoding: ASCII-8BIT
      string: grant_type=client_credentials&scope=https%3A%2F%2Fgraph.microsoft.com%2F.default+offline_access&client_id=b8a5bb54-5fb2-4e0e-9427-9d24dbac32ff&client_secret=nB58Q%7EwWf6.4zUIojn2nzkrpzDWlkQtDSWPcLa6R
    headers:
      User-Agent:
      - httpx.rb/1.3.4
      Accept:
      - "*/*"
      Accept-Encoding:
      - gzip, deflate
      Content-Type:
      - application/x-www-form-urlencoded
      Content-Length:
      - '199'
  response:
    status:
      code: 200
      message: OK
    headers:
      Cache-Control:
      - no-store, no-cache
      Pragma:
      - no-cache
      Content-Type:
      - application/json; charset=utf-8
      Expires:
      - "-1"
      Strict-Transport-Security:
      - max-age=31536000; includeSubDomains
      X-Content-Type-Options:
      - nosniff
      P3p:
      - CP="DSP CUR OTPi IND OTRi ONL FIN"
      X-Ms-Request-Id:
      - 75da94cc-f93b-4957-9472-7f69b50a0500
      X-Ms-Ests-Server:
      - 2.1.20465.4 - WEULR1 ProdSlices
      X-Ms-Srs:
      - 1.P
      Content-Security-Policy-Report-Only:
      - object-src 'none'; base-uri 'self'; script-src 'self' 'nonce-EnkQImmzmdKVuOaBI_JV2w'
        'unsafe-inline' 'unsafe-eval' https://*.msauth.net https://*.msftauth.net
        https://*.msftauthimages.net https://*.msauthimages.net https://*.msidentity.com
        https://*.microsoftonline-p.com https://*.microsoftazuread-sso.com https://*.azureedge.net
        https://*.outlook.com https://*.office.com https://*.office365.com https://*.microsoft.com
        https://*.bing.com 'report-sample'; report-uri https://csp.microsoft.com/report/ESTS-UX-All
      X-Xss-Protection:
      - '0'
      Set-Cookie:
      - fpc=AufQETJp6LNOiwGffjFiBhtRVKK0AQAAAKMlh98OAAAA; expires=Thu, 08-May-2025
        14:11:48 GMT; path=/; secure; HttpOnly; SameSite=None, x-ms-gateway-slice=estsfd;
        path=/; secure; samesite=none; httponly, stsservicecookie=estsfd; path=/;
        secure; samesite=none; httponly
      Date:
      - Tue, 08 Apr 2025 14:11:48 GMT
      Content-Length:
      - '1695'
    body:
      encoding: UTF-8
      string: '{"token_type":"Bearer","expires_in":3599,"ext_expires_in":3599,"access_token":"<ACCESS_TOKEN>"}'
  recorded_at: Tue, 08 Apr 2025 14:11:48 GMT
- request:
    method: post
    uri: https://graph.microsoft.com/v1.0/drives/b!dmVLG22QlE2PSW0AqVB7UOhZ8n7tjkVGkgqLNnuw2OBb-brzKzZAR4DYT1k9KPXs/root/children
    body:
      encoding: UTF-8
      string: '{"name":"OpenProjectConnectionValidationFolder","folder":{},"@microsoft.graph.conflictBehavior":"fail"}'
    headers:
      Content-Type:
      - application/json
      User-Agent:
      - httpx.rb/1.3.4
      Accept:
      - "*/*"
      Accept-Encoding:
      - gzip, deflate
      Content-Length:
      - '91'
      Authorization:
      - Bearer <BEARER TOKEN>
  response:
    status:
      code: 201
      message: Created
    headers:
      Cache-Control:
      - no-store, no-cache
      Content-Type:
      - application/json;odata.metadata=minimal;odata.streaming=true;IEEE754Compatible=false;charset=utf-8
      Content-Encoding:
      - gzip
      Etag:
      - '"{DB39CBFF-7643-4C26-801D-7C3E22B888BA},1"'
      Location:
      - https://ymt6d.sharepoint.com/_api/v2.0/drives('b!dmVLG22QlE2PSW0AqVB7UOhZ8n7tjkVGkgqLNnuw2OBb-brzKzZAR4DYT1k9KPXs')/items('root')/children('01ANJ53W77ZM45WQ3WEZGIAHL4HYRLRCF2')
      Vary:
      - Accept-Encoding
      Strict-Transport-Security:
      - max-age=31536000
      Request-Id:
      - 7454b765-25ac-43f0-b1e2-9f4ae7122668
      Client-Request-Id:
      - 7454b765-25ac-43f0-b1e2-9f4ae7122668
      X-Ms-Ags-Diagnostic:
      - '{"ServerInfo":{"DataCenter":"Germany West Central","Slice":"E","Ring":"4","ScaleUnit":"000","RoleInstance":"FR1PEPF00001A2F"}}'
      Odata-Version:
      - '4.0'
      Date:
      - Tue, 08 Apr 2025 14:11:48 GMT
    body:
      encoding: UTF-8
      string: '{"@odata.context":"https://graph.microsoft.com/v1.0/$metadata#drives(''b%21FeOZEMfQx0eGQKqVBLcP__BG8mq-4-9FuRqOyk3MXY8CfNaHr_0ERYs5kgmEWFrX'')/root/children/$entity","@odata.etag":"\"{DB39CBFF-7643-4C26-801D-7C3E22B888BA},1\"","createdDateTime":"2025-04-08T14:11:49Z","eTag":"\"{DB39CBFF-7643-4C26-801D-7C3E22B888BA},1\"","id":"01ANJ53W77ZM45WQ3WEZGIAHL4HYRLRCF2","lastModifiedDateTime":"2025-04-08T14:11:49Z","name":"OpenProjectConnectionValidationFolder","size":0,"webUrl":"https://ymt6d.sharepoint.com/sites/OPTest/Marcello%20AMPF/OpenProjectConnectionValidationFolder","cTag":"\"c:{DB39CBFF-7643-4C26-801D-7C3E22B888BA},0\"","commentSettings":{"commentingDisabled":{"isDisabled":false}},"createdBy":{"application":{"displayName":"OP
        Auth","id":"b8a5bb54-5fb2-4e0e-9427-9d24dbac32ff"},"user":{"displayName":"SharePoint
        App"}},"lastModifiedBy":{"application":{"displayName":"OP Auth","id":"b8a5bb54-5fb2-4e0e-9427-9d24dbac32ff"},"user":{"displayName":"SharePoint
        App"}},"parentReference":{"driveId":"b!dmVLG22QlE2PSW0AqVB7UOhZ8n7tjkVGkgqLNnuw2OBb-brzKzZAR4DYT1k9KPXs","driveType":"documentLibrary","id":"01ANJ53W56Y2GOVW7725BZO354PWSELRRZ","path":"/drives/b!dmVLG22QlE2PSW0AqVB7UOhZ8n7tjkVGkgqLNnuw2OBb-brzKzZAR4DYT1k9KPXs/root:","sharepointIds":{"listId":"87d67c02-fdaf-4504-8b39-920984585ad7","listItemUniqueId":"458e6945-3722-40b1-946f-4743a2d480f2","siteId":"1099e315-d0c7-47c7-8640-aa9504b70fff","siteUrl":"https://ymt6d.sharepoint.com/sites/OPTest","tenantId":"4d44bf36-9b56-45c0-8807-bbf386dd047f","webId":"6af246f0-e3be-45ef-b91a-8eca4dcc5d8f"}},"fileSystemInfo":{"createdDateTime":"2025-04-08T14:11:49Z","lastModifiedDateTime":"2025-04-08T14:11:49Z"},"folder":{"childCount":0,"view":{"sortBy":"name","sortOrder":"ascending","viewType":"thumbnails"}},"shared":{"scope":"unknown"}}'
  recorded_at: Tue, 08 Apr 2025 14:11:48 GMT
- request:
    method: delete
    uri: https://graph.microsoft.com/v1.0/drives/b!dmVLG22QlE2PSW0AqVB7UOhZ8n7tjkVGkgqLNnuw2OBb-brzKzZAR4DYT1k9KPXs/items/01ANJ53W77ZM45WQ3WEZGIAHL4HYRLRCF2
    body:
      encoding: US-ASCII
      string: ''
    headers:
      Authorization:
      - Bearer <BEARER TOKEN>
      User-Agent:
      - httpx.rb/1.3.4
      Accept:
      - "*/*"
      Accept-Encoding:
      - gzip, deflate
  response:
    status:
      code: 204
      message: No Content
    headers:
      Cache-Control:
      - no-store, no-cache
      Strict-Transport-Security:
      - max-age=31536000
      Request-Id:
      - 8458dc49-bea8-4d56-86ef-b519ef910600
      Client-Request-Id:
      - 8458dc49-bea8-4d56-86ef-b519ef910600
      X-Ms-Ags-Diagnostic:
      - '{"ServerInfo":{"DataCenter":"Germany West Central","Slice":"E","Ring":"4","ScaleUnit":"000","RoleInstance":"FR1PEPF000007A3"}}'
      Date:
      - Tue, 08 Apr 2025 14:11:49 GMT
    body:
      encoding: UTF-8
      string: ''
  recorded_at: Tue, 08 Apr 2025 14:11:49 GMT
- request:
    method: get
    uri: https://graph.microsoft.com/v1.0/drives/b!dmVLG22QlE2PSW0AqVB7UOhZ8n7tjkVGkgqLNnuw2OBb-brzKzZAR4DYT1k9KPXs/root/children?$select=id,name,size,webUrl,lastModifiedBy,createdBy,fileSystemInfo,file,folder,parentReference
    body:
      encoding: US-ASCII
      string: ''
    headers:
      Authorization:
      - Bearer <BEARER TOKEN>
      User-Agent:
      - httpx.rb/1.3.4
      Accept:
      - "*/*"
      Accept-Encoding:
      - gzip, deflate
  response:
    status:
      code: 200
      message: OK
    headers:
      Cache-Control:
      - no-store, no-cache
      Content-Type:
      - application/json; odata.metadata=minimal; odata.streaming=true; IEEE754Compatible=false;
        charset=utf-8
      Content-Encoding:
      - gzip
      Strict-Transport-Security:
      - max-age=31536000
      Request-Id:
      - 9f49a172-9d26-4a50-966d-fa5fe4911dff
      Client-Request-Id:
      - 9f49a172-9d26-4a50-966d-fa5fe4911dff
      X-Ms-Ags-Diagnostic:
      - '{"ServerInfo":{"DataCenter":"Germany West Central","Slice":"E","Ring":"4","ScaleUnit":"000","RoleInstance":"FR1PEPF0000149B"}}'
      Date:
      - Tue, 08 Apr 2025 14:11:48 GMT
    body:
      encoding: UTF-8
      string: '{"@odata.context":"https://graph.microsoft.com/v1.0/$metadata#Collection(driveItem)","value":[]}'
  recorded_at: Tue, 08 Apr 2025 14:11:49 GMT
- request:
    method: get
    uri: https://graph.microsoft.com/v1.0/drives/b!dmVLG22QlE2PSW0AqVB7UOhZ8n7tjkVGkgqLNnuw2OBb-brzKzZAR4DYT1k9KPXs/root?$select=id,name,size,webUrl,lastModifiedBy,createdBy,fileSystemInfo,file,folder,parentReference
    body:
      encoding: US-ASCII
      string: ''
    headers:
      Authorization:
      - Bearer <BEARER TOKEN>
      User-Agent:
      - httpx.rb/1.3.4
      Accept:
      - "*/*"
      Accept-Encoding:
      - gzip, deflate
  response:
    status:
      code: 200
      message: OK
    headers:
      Cache-Control:
      - no-store, no-cache
      Content-Type:
      - application/json; odata.metadata=minimal; odata.streaming=true; IEEE754Compatible=false;
        charset=utf-8
      Content-Encoding:
      - gzip
      Strict-Transport-Security:
      - max-age=31536000
      Request-Id:
      - 2a8bae40-ed69-49f2-a9f9-1960a5cdf5b1
      Client-Request-Id:
      - 2a8bae40-ed69-49f2-a9f9-1960a5cdf5b1
      X-Ms-Ags-Diagnostic:
      - '{"ServerInfo":{"DataCenter":"Germany West Central","Slice":"E","Ring":"4","ScaleUnit":"000","RoleInstance":"FR1PEPF0000149B"}}'
      Date:
      - Tue, 08 Apr 2025 14:11:48 GMT
    body:
      encoding: UTF-8
      string: '{"@odata.context":"https://graph.microsoft.com/v1.0/$metadata#Collection(driveItem)/$entity","id":"01ANJ53W56Y2GOVW7725BZO354PWSELRRZ","name":"root","parentReference":{"driveType":"documentLibrary","driveId":"b!dmVLG22QlE2PSW0AqVB7UOhZ8n7tjkVGkgqLNnuw2OBb-brzKzZAR4DYT1k9KPXs"},"webUrl":"https://ymt6d.sharepoint.com/sites/OPTest/Marcello%20AMPF","fileSystemInfo":{"createdDateTime":"2025-04-07T12:03:17Z","lastModifiedDateTime":"2025-04-08T14:11:49Z"},"folder":{"childCount":0},"size":0}'
  recorded_at: Tue, 08 Apr 2025 14:11:49 GMT
recorded_with: VCR 6.3.1
