---
http_interactions:
- request:
    method: post
    uri: https://login.microsoftonline.com/e36f1dbc-fdae-427e-b61b-0d96ddfb81a4/oauth2/v2.0/token
    body:
      encoding: ASCII-8BIT
      string: grant_type=client_credentials&scope=https%3A%2F%2Fgraph.microsoft.com%2F.default+offline_access&client_id=404e0567-19a1-4a64-b2d1-d3b0c99f2ed9&client_secret=QRB8Q%7Ei.1rID_.MC9FTfRGq-FTE5SgWYsoeLacWf
    headers:
      User-Agent:
      - httpx.rb/1.6.2
      Accept:
      - "*/*"
      Accept-Encoding:
      - gzip, deflate
      Content-Type:
      - application/x-www-form-urlencoded
      Content-Length:
      - '199'
  response:
    status:
      code: 200
      message: OK
    headers:
      Cache-Control:
      - no-store, no-cache
      Pragma:
      - no-cache
      Content-Type:
      - application/json; charset=utf-8
      Expires:
      - "-1"
      Strict-Transport-Security:
      - max-age=31536000; includeSubDomains
      X-Content-Type-Options:
      - nosniff
      P3p:
      - CP="DSP CUR OTPi IND OTRi ONL FIN"
      X-Ms-Request-Id:
      - 6c93e6c0-3c0e-40af-8bd6-03608e334d00
      X-Ms-Ests-Server:
      - 2.1.22389.8 - WEULR1 ProdSlices
      X-Ms-Srs:
      - 1.P
      Content-Security-Policy-Report-Only:
      - object-src 'none'; base-uri 'self'; script-src 'self' 'nonce-r8WZ4cOZThzvdiQkXOwHhw'
        'unsafe-inline' 'unsafe-eval' https://*.msauth.net https://*.msftauth.net
        https://*.msftauthimages.net https://*.msauthimages.net https://*.msidentity.com
        https://*.microsoftonline-p.com https://*.microsoftazuread-sso.com https://*.azureedge.net
        https://*.outlook.com https://*.office.com https://*.office365.com https://*.microsoft.com
        https://*.bing.com 'report-sample'; report-uri https://csp.microsoft.com/report/ESTS-UX-All
      X-Xss-Protection:
      - '0'
      Set-Cookie:
      - fpc=AkTJcHN2hwlFmdK8Vxcf6kBZ-dCOAQAAAL2unuAOAAAA; expires=Sat, 06-Dec-2025
        14:59:10 GMT; path=/; secure; HttpOnly; SameSite=None, x-ms-gateway-slice=estsfd;
        path=/; secure; samesite=none; httponly, stsservicecookie=estsfd; path=/;
        secure; samesite=none; httponly
      Date:
      - Thu, 06 Nov 2025 14:59:09 GMT
      Content-Length:
      - '2047'
    body:
      encoding: UTF-8
      string: '{"token_type":"Bearer","expires_in":3599,"ext_expires_in":3599,"access_token":"<ACCESS_TOKEN>"}'
  recorded_at: Thu, 06 Nov 2025 14:59:10 GMT
- request:
    method: get
    uri: https://graph.microsoft.com/v1.0/sites/ymt6d.sharepoint.com:/sites/OPTest:/lists?$expand=drive&$select=id,name,drive
    body:
      encoding: US-ASCII
      string: ''
    headers:
      User-Agent:
      - httpx.rb/1.6.2
      Accept:
      - "*/*"
      Accept-Encoding:
      - gzip, deflate
      Authorization:
      - Bearer <BEARER TOKEN>
  response:
    status:
      code: 200
      message: OK
    headers:
      Cache-Control:
      - no-store, no-cache
      Content-Type:
      - application/json;odata.metadata=minimal;odata.streaming=true;IEEE754Compatible=false;charset=utf-8
      Content-Encoding:
      - gzip
      Vary:
      - Accept-Encoding
      Strict-Transport-Security:
      - max-age=31536000
      Request-Id:
      - 7fcc7be7-dcaf-4476-9f1e-aee07004896b
      Client-Request-Id:
      - 7fcc7be7-dcaf-4476-9f1e-aee07004896b
      X-Ms-Ags-Diagnostic:
      - '{"ServerInfo":{"DataCenter":"Germany West Central","Slice":"E","Ring":"4","ScaleUnit":"006","RoleInstance":"FR1PEPF00005447"}}'
      Splogid:
      - a9bdd6a1-0095-0000-9712-23daa55c6313
      Odata-Version:
      - '4.0'
      Date:
      - Thu, 06 Nov 2025 14:59:10 GMT
    body:
      encoding: UTF-8
      string: '{"@odata.context":"https://graph.microsoft.com/v1.0/$metadata#Collection(microsoft.graph.list)(id,name,drive,drive())","value":[{"@odata.etag":"\"df897210-689b-48ba-a128-0a6b8662a40a,26\"","id":"df897210-689b-48ba-a128-0a6b8662a40a","name":"OpenProject","drive@odata.context":"https://graph.microsoft.com/v1.0/$metadata#Collection(microsoft.graph.list)(''df897210-689b-48ba-a128-0a6b8662a40a'')/drive/$entity","drive":{"createdDateTime":"2024-02-02T13:53:33Z","description":"Enabled
        for automatic management","id":"b!FeOZEMfQx0eGQKqVBLcP__BG8mq-4-9FuRqOyk3MXY8Qconfm2i6SKEoCmuGYqQK","lastModifiedDateTime":"2025-10-14T07:40:08Z","name":"OpenProject","webUrl":"https://ymt6d.sharepoint.com/sites/OPTest/OpenProject","driveType":"documentLibrary","createdBy":{"user":{"email":"op.admin@ymt6d.onmicrosoft.com","id":"5b5a7dc4-4539-41ba-9fa9-100f0a26acb7","displayName":"Eric
        Schubert"}},"lastModifiedBy":{"user":{"email":"op.admin@ymt6d.onmicrosoft.com","id":"5b5a7dc4-4539-41ba-9fa9-100f0a26acb7","displayName":"Eric
        Schubert"}},"owner":{"group":{"email":"OPTest@ymt6d.onmicrosoft.com","id":"5dfb4269-d3e3-4c70-83f5-c4937ff6dcdb","displayName":"OP
        Test Owners"}},"quota":{"deleted":5267982,"remaining":27487613283359,"state":"normal","total":27487790694400,"used":172143059}}},{"@odata.etag":"\"7a76be3b-077e-41ef-a9d9-1d7f97080cb0,22\"","id":"7a76be3b-077e-41ef-a9d9-1d7f97080cb0","name":"Shared
        Documents","drive@odata.context":"https://graph.microsoft.com/v1.0/$metadata#Collection(microsoft.graph.list)(''7a76be3b-077e-41ef-a9d9-1d7f97080cb0'')/drive/$entity","drive":{"createdDateTime":"2023-12-10T00:27:16Z","description":"","id":"b!FeOZEMfQx0eGQKqVBLcP__BG8mq-4-9FuRqOyk3MXY87vnZ6fgfvQanZHX-XCAyw","lastModifiedDateTime":"2025-09-23T11:10:46Z","name":"Documents","webUrl":"https://ymt6d.sharepoint.com/sites/OPTest/Shared%20Documents","driveType":"documentLibrary","createdBy":{"user":{"displayName":"System
        Account"}},"lastModifiedBy":{"user":{"email":"op.admin@ymt6d.onmicrosoft.com","id":"5b5a7dc4-4539-41ba-9fa9-100f0a26acb7","displayName":"Eric
        Schubert"}},"owner":{"group":{"email":"OPTest@ymt6d.onmicrosoft.com","id":"5dfb4269-d3e3-4c70-83f5-c4937ff6dcdb","displayName":"OP
        Test Owners"}},"quota":{"deleted":5267982,"remaining":27487613283359,"state":"normal","total":27487790694400,"used":172143059}}},{"@odata.etag":"\"5cda990f-64f2-4035-9932-21b6d6409a25,20\"","id":"5cda990f-64f2-4035-9932-21b6d6409a25","name":"Selected
        Permissions","drive@odata.context":"https://graph.microsoft.com/v1.0/$metadata#Collection(microsoft.graph.list)(''5cda990f-64f2-4035-9932-21b6d6409a25'')/drive/$entity","drive":{"createdDateTime":"2024-08-12T13:14:43Z","description":"","id":"b!FeOZEMfQx0eGQKqVBLcP__BG8mq-4-9FuRqOyk3MXY8Pmdpc8mQ1QJkyIbbWQJol","lastModifiedDateTime":"2025-09-19T02:10:34Z","name":"Selected
        Permissions","webUrl":"https://ymt6d.sharepoint.com/sites/OPTest/Selected%20Permissions","driveType":"documentLibrary","createdBy":{"user":{"email":"op.admin@ymt6d.onmicrosoft.com","id":"5b5a7dc4-4539-41ba-9fa9-100f0a26acb7","displayName":"Eric
        Schubert"}},"lastModifiedBy":{"user":{"displayName":"SharePoint App"}},"owner":{"group":{"email":"OPTest@ymt6d.onmicrosoft.com","id":"5dfb4269-d3e3-4c70-83f5-c4937ff6dcdb","displayName":"OP
        Test Owners"}},"quota":{"deleted":5267982,"remaining":27487613283359,"state":"normal","total":27487790694400,"used":172143059}}},{"@odata.etag":"\"f5a7a0d8-fb24-48d8-9785-46ccb1e3317f,22\"","id":"f5a7a0d8-fb24-48d8-9785-46ccb1e3317f","name":"Chris
        document library","drive@odata.context":"https://graph.microsoft.com/v1.0/$metadata#Collection(microsoft.graph.list)(''f5a7a0d8-fb24-48d8-9785-46ccb1e3317f'')/drive/$entity","drive":{"createdDateTime":"2024-02-13T15:38:57Z","description":"For
        testing","id":"b!FeOZEMfQx0eGQKqVBLcP__BG8mq-4-9FuRqOyk3MXY_YoKf1JPvYSJeFRsyx4zF_","lastModifiedDateTime":"2024-05-21T12:58:12Z","name":"Chris
        document library","webUrl":"https://ymt6d.sharepoint.com/sites/OPTest/Chris%20document%20library","driveType":"documentLibrary","createdBy":{"user":{"email":"cbliard@ymt6d.onmicrosoft.com","id":"5bbaa900-f913-41c9-9593-c3d03a14684b","displayName":"Christophe
        Bliard"}},"owner":{"group":{"email":"OPTest@ymt6d.onmicrosoft.com","id":"5dfb4269-d3e3-4c70-83f5-c4937ff6dcdb","displayName":"OP
        Test Owners"}},"quota":{"deleted":5267982,"remaining":27487613283359,"state":"normal","total":27487790694400,"used":172143059}}},{"@odata.etag":"\"87d67c02-fdaf-4504-8b39-920984585ad7,20\"","id":"87d67c02-fdaf-4504-8b39-920984585ad7","name":"Marcello
        AMPF","drive@odata.context":"https://graph.microsoft.com/v1.0/$metadata#Collection(microsoft.graph.list)(''87d67c02-fdaf-4504-8b39-920984585ad7'')/drive/$entity","drive":{"createdDateTime":"2025-04-07T12:03:17Z","description":"","id":"b!FeOZEMfQx0eGQKqVBLcP__BG8mq-4-9FuRqOyk3MXY8CfNaHr_0ERYs5kgmEWFrX","lastModifiedDateTime":"2025-09-29T13:42:11Z","name":"Marcello
        (AMPF)","webUrl":"https://ymt6d.sharepoint.com/sites/OPTest/Marcello%20AMPF","driveType":"documentLibrary","createdBy":{"user":{"email":"op.admin@ymt6d.onmicrosoft.com","id":"5b5a7dc4-4539-41ba-9fa9-100f0a26acb7","displayName":"Eric
        Schubert"}},"lastModifiedBy":{"user":{"displayName":"SharePoint App"}},"owner":{"group":{"email":"OPTest@ymt6d.onmicrosoft.com","id":"5dfb4269-d3e3-4c70-83f5-c4937ff6dcdb","displayName":"OP
        Test Owners"}},"quota":{"deleted":5267982,"remaining":27487613283359,"state":"normal","total":27487790694400,"used":172143059}}},{"@odata.etag":"\"587ba428-c078-4d0d-a857-952e781601e7,8\"","id":"587ba428-c078-4d0d-a857-952e781601e7","name":"Dominic","drive@odata.context":"https://graph.microsoft.com/v1.0/$metadata#Collection(microsoft.graph.list)(''587ba428-c078-4d0d-a857-952e781601e7'')/drive/$entity","drive":{"createdDateTime":"2024-07-05T09:54:25Z","description":"","id":"b!FeOZEMfQx0eGQKqVBLcP__BG8mq-4-9FuRqOyk3MXY8opHtYeMANTahXlS54FgHn","lastModifiedDateTime":"2025-11-04T15:20:46Z","name":"Dominic","webUrl":"https://ymt6d.sharepoint.com/sites/OPTest/Dominic","driveType":"documentLibrary","createdBy":{"user":{"email":"op.admin@ymt6d.onmicrosoft.com","id":"5b5a7dc4-4539-41ba-9fa9-100f0a26acb7","displayName":"Eric
        Schubert"}},"lastModifiedBy":{"user":{"email":"op.admin@ymt6d.onmicrosoft.com","id":"5b5a7dc4-4539-41ba-9fa9-100f0a26acb7","displayName":"Eric
        Schubert"}},"owner":{"group":{"email":"OPTest@ymt6d.onmicrosoft.com","id":"5dfb4269-d3e3-4c70-83f5-c4937ff6dcdb","displayName":"OP
        Test Owners"}},"quota":{"deleted":5267982,"remaining":27487613283359,"state":"normal","total":27487790694400,"used":172143059}}},{"@odata.etag":"\"6b0e0177-f280-47a8-bb4c-c29b29823f79,25\"","id":"6b0e0177-f280-47a8-bb4c-c29b29823f79","name":"Markus","drive@odata.context":"https://graph.microsoft.com/v1.0/$metadata#Collection(microsoft.graph.list)(''6b0e0177-f280-47a8-bb4c-c29b29823f79'')/drive/$entity","drive":{"createdDateTime":"2024-05-13T14:53:56Z","description":"","id":"b!FeOZEMfQx0eGQKqVBLcP__BG8mq-4-9FuRqOyk3MXY93AQ5rgPKoR7tMwpspgj95","lastModifiedDateTime":"2025-05-19T13:28:22Z","name":"Markus","webUrl":"https://ymt6d.sharepoint.com/sites/OPTest/Markus","driveType":"documentLibrary","createdBy":{"user":{"email":"op.admin@ymt6d.onmicrosoft.com","id":"5b5a7dc4-4539-41ba-9fa9-100f0a26acb7","displayName":"Eric
        Schubert"}},"lastModifiedBy":{"user":{"email":"op.owner@ymt6d.onmicrosoft.com","id":"ddbce65c-65fd-42a9-be30-253e244c3f36","displayName":"OP
        Owner"}},"owner":{"group":{"email":"OPTest@ymt6d.onmicrosoft.com","id":"5dfb4269-d3e3-4c70-83f5-c4937ff6dcdb","displayName":"OP
        Test Owners"}},"quota":{"deleted":5267982,"remaining":27487613283359,"state":"normal","total":27487790694400,"used":172143059}}},{"@odata.etag":"\"5ea9a363-3a24-4fab-b9ae-cef9a25a3156,20\"","id":"5ea9a363-3a24-4fab-b9ae-cef9a25a3156","name":"Marcello
        VCR","drive@odata.context":"https://graph.microsoft.com/v1.0/$metadata#Collection(microsoft.graph.list)(''5ea9a363-3a24-4fab-b9ae-cef9a25a3156'')/drive/$entity","drive":{"createdDateTime":"2025-04-07T12:02:17Z","description":"","id":"b!FeOZEMfQx0eGQKqVBLcP__BG8mq-4-9FuRqOyk3MXY9jo6leJDqrT7muzvmiWjFW","lastModifiedDateTime":"2025-10-06T14:57:47Z","name":"Marcello
        (VCR)","webUrl":"https://ymt6d.sharepoint.com/sites/OPTest/Marcello%20VCR","driveType":"documentLibrary","createdBy":{"user":{"email":"op.admin@ymt6d.onmicrosoft.com","id":"5b5a7dc4-4539-41ba-9fa9-100f0a26acb7","displayName":"Eric
        Schubert"}},"lastModifiedBy":{"user":{"email":"op.member@ymt6d.onmicrosoft.com","id":"a9023fd0-c421-4695-b83c-bb3ba67708d6","displayName":"OP
        Member"}},"owner":{"group":{"email":"OPTest@ymt6d.onmicrosoft.com","id":"5dfb4269-d3e3-4c70-83f5-c4937ff6dcdb","displayName":"OP
        Test Owners"}},"quota":{"deleted":5267982,"remaining":27487613283359,"state":"normal","total":27487790694400,"used":172143059}}},{"@odata.etag":"\"03b7a8ae-9cc8-46b9-9d63-d25b83d1bd6f,3\"","id":"03b7a8ae-9cc8-46b9-9d63-d25b83d1bd6f","name":"AMPF
        VCR","drive@odata.context":"https://graph.microsoft.com/v1.0/$metadata#Collection(microsoft.graph.list)(''03b7a8ae-9cc8-46b9-9d63-d25b83d1bd6f'')/drive/$entity","drive":{"createdDateTime":"2025-10-20T08:57:53Z","description":"","id":"b!FeOZEMfQx0eGQKqVBLcP__BG8mq-4-9FuRqOyk3MXY-uqLcDyJy5Rp1j0luD0b1v","lastModifiedDateTime":"2025-11-06T14:58:15Z","name":"AMPF
        VCR","webUrl":"https://ymt6d.sharepoint.com/sites/OPTest/AMPF%20VCR","driveType":"documentLibrary","createdBy":{"user":{"displayName":"SharePoint
        App"}},"lastModifiedBy":{"user":{"email":"op.owner@ymt6d.onmicrosoft.com","id":"ddbce65c-65fd-42a9-be30-253e244c3f36","displayName":"OP
        Owner"}},"owner":{"group":{"email":"OPTest@ymt6d.onmicrosoft.com","id":"5dfb4269-d3e3-4c70-83f5-c4937ff6dcdb","displayName":"OP
        Test Owners"}},"quota":{"deleted":5267982,"remaining":27487613283359,"state":"normal","total":27487790694400,"used":172143059}}},{"@odata.etag":"\"da53472d-ec9c-4fb1-b021-d89d3748c8a1,0\"","id":"da53472d-ec9c-4fb1-b021-d89d3748c8a1","name":"wte"},{"@odata.etag":"\"834449c8-dc24-44e0-a59a-e94f9128801c,11\"","id":"834449c8-dc24-44e0-a59a-e94f9128801c","name":"Access
        Requests"}]}'
  recorded_at: Thu, 06 Nov 2025 14:59:11 GMT
- request:
    method: get
    uri: https://graph.microsoft.com/v1.0/drives/b!FeOZEMfQx0eGQKqVBLcP__BG8mq-4-9FuRqOyk3MXY-uqLcDyJy5Rp1j0luD0b1v/root/children?$select=id,name,size,webUrl,lastModifiedBy,createdBy,fileSystemInfo,file,folder,parentReference
    body:
      encoding: US-ASCII
      string: ''
    headers:
      User-Agent:
      - httpx.rb/1.6.2
      Accept:
      - "*/*"
      Accept-Encoding:
      - gzip, deflate
      Authorization:
      - Bearer <BEARER TOKEN>
  response:
    status:
      code: 200
      message: OK
    headers:
      Cache-Control:
      - no-store, no-cache
      Content-Type:
      - application/json; odata.metadata=minimal; odata.streaming=true; IEEE754Compatible=false;
        charset=utf-8
      Content-Encoding:
      - gzip
      Strict-Transport-Security:
      - max-age=31536000
      Request-Id:
      - 877b2a47-3c62-4dee-8b93-dbb5a335bb53
      Client-Request-Id:
      - 877b2a47-3c62-4dee-8b93-dbb5a335bb53
      X-Ms-Ags-Diagnostic:
      - '{"ServerInfo":{"DataCenter":"Germany West Central","Slice":"E","Ring":"4","ScaleUnit":"006","RoleInstance":"FR1PEPF00005447"}}'
      Splogid:
      - a9bdd6a1-f0a7-0000-8a2e-06a16e9f68cb
      Date:
      - Thu, 06 Nov 2025 14:59:10 GMT
    body:
      encoding: UTF-8
      string: '{"@odata.context":"https://graph.microsoft.com/v1.0/$metadata#Collection(driveItem)","value":[]}'
  recorded_at: Thu, 06 Nov 2025 14:59:11 GMT
- request:
    method: get
    uri: https://graph.microsoft.com/v1.0/drives/b!FeOZEMfQx0eGQKqVBLcP__BG8mq-4-9FuRqOyk3MXY-uqLcDyJy5Rp1j0luD0b1v/root?$select=id,name,size,webUrl,lastModifiedBy,createdBy,fileSystemInfo,file,folder,parentReference
    body:
      encoding: US-ASCII
      string: ''
    headers:
      User-Agent:
      - httpx.rb/1.6.2
      Accept:
      - "*/*"
      Accept-Encoding:
      - gzip, deflate
      Authorization:
      - Bearer <BEARER TOKEN>
  response:
    status:
      code: 200
      message: OK
    headers:
      Cache-Control:
      - no-store, no-cache
      Content-Type:
      - application/json; odata.metadata=minimal; odata.streaming=true; IEEE754Compatible=false;
        charset=utf-8
      Content-Encoding:
      - gzip
      Strict-Transport-Security:
      - max-age=31536000
      Request-Id:
      - dbd453e9-8d75-435b-9619-edb8201fa322
      Client-Request-Id:
      - dbd453e9-8d75-435b-9619-edb8201fa322
      X-Ms-Ags-Diagnostic:
      - '{"ServerInfo":{"DataCenter":"Germany West Central","Slice":"E","Ring":"4","ScaleUnit":"006","RoleInstance":"FR1PEPF00005447"}}'
      Splogid:
      - a9bdd6a1-60af-0000-9712-25e7b235222f
      Date:
      - Thu, 06 Nov 2025 14:59:10 GMT
    body:
      encoding: UTF-8
      string: '{"@odata.context":"https://graph.microsoft.com/v1.0/$metadata#Collection(driveItem)/$entity","id":"01ANJ53W56Y2GOVW7725BZO354PWSELRRZ","name":"root","parentReference":{"driveType":"documentLibrary","driveId":"b!FeOZEMfQx0eGQKqVBLcP__BG8mq-4-9FuRqOyk3MXY-uqLcDyJy5Rp1j0luD0b1v"},"webUrl":"https://ymt6d.sharepoint.com/sites/OPTest/AMPF%20VCR","fileSystemInfo":{"createdDateTime":"2025-10-20T08:57:53Z","lastModifiedDateTime":"2025-11-06T14:58:15Z"},"folder":{"childCount":0},"size":0}'
  recorded_at: Thu, 06 Nov 2025 14:59:11 GMT
- request:
    method: post
    uri: https://graph.microsoft.com/v1.0/drives/b!FeOZEMfQx0eGQKqVBLcP__BG8mq-4-9FuRqOyk3MXY-uqLcDyJy5Rp1j0luD0b1v/root/children
    body:
      encoding: UTF-8
      string: '{"name":"[Sample] Project Name _ Ehuu (81)","folder":{},"@microsoft.graph.conflictBehavior":"fail"}'
    headers:
      Authorization:
      - Bearer <BEARER TOKEN>
      User-Agent:
      - httpx.rb/1.6.2
      Accept:
      - "*/*"
      Accept-Encoding:
      - gzip, deflate
      Content-Type:
      - application/json; charset=utf-8
      Content-Length:
      - '99'
  response:
    status:
      code: 201
      message: Created
    headers:
      Cache-Control:
      - no-store, no-cache
      Content-Type:
      - application/json;odata.metadata=minimal;odata.streaming=true;IEEE754Compatible=false;charset=utf-8
      Content-Encoding:
      - gzip
      Etag:
      - '"{00E81E87-C1C4-4E1A-874B-80ADA530FEE9},1"'
      Location:
      - https://ymt6d.sharepoint.com/_api/v2.0/drives('b!FeOZEMfQx0eGQKqVBLcP__BG8mq-4-9FuRqOyk3MXY-uqLcDyJy5Rp1j0luD0b1v')/items('root')/children('01ANJ53W4HD3UABRGBDJHIOS4AVWSTB7XJ')
      Vary:
      - Accept-Encoding
      Strict-Transport-Security:
      - max-age=31536000
      Request-Id:
      - 9f3eb2e5-76c5-4ad6-9620-478254080afb
      Client-Request-Id:
      - 9f3eb2e5-76c5-4ad6-9620-478254080afb
      X-Ms-Ags-Diagnostic:
      - '{"ServerInfo":{"DataCenter":"Germany West Central","Slice":"E","Ring":"4","ScaleUnit":"006","RoleInstance":"FR1PEPF0000549F"}}'
      Splogid:
      - a9bdd6a1-90c7-0000-9865-0aac2d2b55d7
      Odata-Version:
      - '4.0'
      Date:
      - Thu, 06 Nov 2025 14:59:10 GMT
    body:
      encoding: UTF-8
      string: '{"@odata.context":"https://graph.microsoft.com/v1.0/$metadata#drives(''b%21FeOZEMfQx0eGQKqVBLcP__BG8mq-4-9FuRqOyk3MXY-uqLcDyJy5Rp1j0luD0b1v'')/root/children/$entity","@odata.etag":"\"{00E81E87-C1C4-4E1A-874B-80ADA530FEE9},1\"","eTag":"\"{00E81E87-C1C4-4E1A-874B-80ADA530FEE9},1\"","lastModifiedDateTime":"2025-11-06T14:59:12Z","createdDateTime":"2025-11-06T14:59:12Z","id":"01ANJ53W4HD3UABRGBDJHIOS4AVWSTB7XJ","name":"[Sample]
        Project Name _ Ehuu (81)","size":0,"webUrl":"https://ymt6d.sharepoint.com/sites/OPTest/AMPF%20VCR/%5BSample%5D%20Project%20Name%20_%20Ehuu%20(81)","cTag":"\"c:{00E81E87-C1C4-4E1A-874B-80ADA530FEE9},0\"","commentSettings":{"commentingDisabled":{"isDisabled":false}},"createdBy":{"application":{"displayName":"OP
        Selected","id":"404e0567-19a1-4a64-b2d1-d3b0c99f2ed9"},"user":{"displayName":"SharePoint
        App"}},"lastModifiedBy":{"application":{"displayName":"OP Selected","id":"404e0567-19a1-4a64-b2d1-d3b0c99f2ed9"},"user":{"displayName":"SharePoint
        App"}},"parentReference":{"driveId":"b!FeOZEMfQx0eGQKqVBLcP__BG8mq-4-9FuRqOyk3MXY-uqLcDyJy5Rp1j0luD0b1v","driveType":"documentLibrary","id":"01ANJ53W56Y2GOVW7725BZO354PWSELRRZ","path":"/drives/b!FeOZEMfQx0eGQKqVBLcP__BG8mq-4-9FuRqOyk3MXY-uqLcDyJy5Rp1j0luD0b1v/root:","sharepointIds":{"listId":"03b7a8ae-9cc8-46b9-9d63-d25b83d1bd6f","listItemUniqueId":"b8815bb8-1f88-4adf-8998-4ae00259ff11","siteId":"1099e315-d0c7-47c7-8640-aa9504b70fff","siteUrl":"https://ymt6d.sharepoint.com/sites/OPTest","tenantId":"e36f1dbc-fdae-427e-b61b-0d96ddfb81a4","webId":"6af246f0-e3be-45ef-b91a-8eca4dcc5d8f"}},"fileSystemInfo":{"createdDateTime":"2025-11-06T14:59:12Z","lastModifiedDateTime":"2025-11-06T14:59:12Z"},"folder":{"childCount":0},"shared":{"scope":"unknown"}}'
  recorded_at: Thu, 06 Nov 2025 14:59:11 GMT
- request:
    method: post
    uri: https://graph.microsoft.com/v1.0/drives/b!FeOZEMfQx0eGQKqVBLcP__BG8mq-4-9FuRqOyk3MXY-uqLcDyJy5Rp1j0luD0b1v/root/children
    body:
      encoding: UTF-8
      string: '{"name":"_=o=_ _ _Jedi_ Project Folder ___ (82)","folder":{},"@microsoft.graph.conflictBehavior":"fail"}'
    headers:
      Authorization:
      - Bearer <BEARER TOKEN>
      User-Agent:
      - httpx.rb/1.6.2
      Accept:
      - "*/*"
      Accept-Encoding:
      - gzip, deflate
      Content-Type:
      - application/json; charset=utf-8
      Content-Length:
      - '104'
  response:
    status:
      code: 201
      message: Created
    headers:
      Cache-Control:
      - no-store, no-cache
      Content-Type:
      - application/json;odata.metadata=minimal;odata.streaming=true;IEEE754Compatible=false;charset=utf-8
      Content-Encoding:
      - gzip
      Etag:
      - '"{150C865A-0121-434E-913F-42EF7BAC672A},1"'
      Location:
      - https://ymt6d.sharepoint.com/_api/v2.0/drives('b!FeOZEMfQx0eGQKqVBLcP__BG8mq-4-9FuRqOyk3MXY-uqLcDyJy5Rp1j0luD0b1v')/items('root')/children('01ANJ53W22QYGBKIIBJZBZCP2C5552YZZK')
      Vary:
      - Accept-Encoding
      Strict-Transport-Security:
      - max-age=31536000
      Request-Id:
      - 9bd5830c-1982-4220-9382-adca7b713e84
      Client-Request-Id:
      - 9bd5830c-1982-4220-9382-adca7b713e84
      X-Ms-Ags-Diagnostic:
      - '{"ServerInfo":{"DataCenter":"Germany West Central","Slice":"E","Ring":"4","ScaleUnit":"006","RoleInstance":"FR1PEPF00001FD3"}}'
      Splogid:
      - a9bdd6a1-70e6-0000-9865-0d36e7fe8398
      Odata-Version:
      - '4.0'
      Date:
      - Thu, 06 Nov 2025 14:59:12 GMT
    body:
      encoding: UTF-8
      string: '{"@odata.context":"https://graph.microsoft.com/v1.0/$metadata#drives(''b%21FeOZEMfQx0eGQKqVBLcP__BG8mq-4-9FuRqOyk3MXY-uqLcDyJy5Rp1j0luD0b1v'')/root/children/$entity","@odata.etag":"\"{150C865A-0121-434E-913F-42EF7BAC672A},1\"","eTag":"\"{150C865A-0121-434E-913F-42EF7BAC672A},1\"","lastModifiedDateTime":"2025-11-06T14:59:12Z","createdDateTime":"2025-11-06T14:59:12Z","id":"01ANJ53W22QYGBKIIBJZBZCP2C5552YZZK","name":"_=o=_
        _ _Jedi_ Project Folder ___ (82)","size":0,"webUrl":"https://ymt6d.sharepoint.com/sites/OPTest/AMPF%20VCR/_=o=_%20_%20_Jedi_%20Project%20Folder%20___%20(82)","cTag":"\"c:{150C865A-0121-434E-913F-42EF7BAC672A},0\"","commentSettings":{"commentingDisabled":{"isDisabled":false}},"createdBy":{"application":{"displayName":"OP
        Selected","id":"404e0567-19a1-4a64-b2d1-d3b0c99f2ed9"},"user":{"displayName":"SharePoint
        App"}},"lastModifiedBy":{"application":{"displayName":"OP Selected","id":"404e0567-19a1-4a64-b2d1-d3b0c99f2ed9"},"user":{"displayName":"SharePoint
        App"}},"parentReference":{"driveId":"b!FeOZEMfQx0eGQKqVBLcP__BG8mq-4-9FuRqOyk3MXY-uqLcDyJy5Rp1j0luD0b1v","driveType":"documentLibrary","id":"01ANJ53W56Y2GOVW7725BZO354PWSELRRZ","path":"/drives/b!FeOZEMfQx0eGQKqVBLcP__BG8mq-4-9FuRqOyk3MXY-uqLcDyJy5Rp1j0luD0b1v/root:","sharepointIds":{"listId":"03b7a8ae-9cc8-46b9-9d63-d25b83d1bd6f","listItemUniqueId":"b8815bb8-1f88-4adf-8998-4ae00259ff11","siteId":"1099e315-d0c7-47c7-8640-aa9504b70fff","siteUrl":"https://ymt6d.sharepoint.com/sites/OPTest","tenantId":"e36f1dbc-fdae-427e-b61b-0d96ddfb81a4","webId":"6af246f0-e3be-45ef-b91a-8eca4dcc5d8f"}},"fileSystemInfo":{"createdDateTime":"2025-11-06T14:59:12Z","lastModifiedDateTime":"2025-11-06T14:59:12Z"},"folder":{"childCount":0},"shared":{"scope":"unknown"}}'
  recorded_at: Thu, 06 Nov 2025 14:59:12 GMT
- request:
    method: post
    uri: https://graph.microsoft.com/v1.0/drives/b!FeOZEMfQx0eGQKqVBLcP__BG8mq-4-9FuRqOyk3MXY-uqLcDyJy5Rp1j0luD0b1v/root/children
    body:
      encoding: UTF-8
      string: '{"name":"PUBLIC PROJECT (84)","folder":{},"@microsoft.graph.conflictBehavior":"fail"}'
    headers:
      Authorization:
      - Bearer <BEARER TOKEN>
      User-Agent:
      - httpx.rb/1.6.2
      Accept:
      - "*/*"
      Accept-Encoding:
      - gzip, deflate
      Content-Type:
      - application/json; charset=utf-8
      Content-Length:
      - '85'
  response:
    status:
      code: 201
      message: Created
    headers:
      Cache-Control:
      - no-store, no-cache
      Content-Type:
      - application/json;odata.metadata=minimal;odata.streaming=true;IEEE754Compatible=false;charset=utf-8
      Content-Encoding:
      - gzip
      Etag:
      - '"{F7073165-B931-4414-A806-A0C759434EB1},1"'
      Location:
      - https://ymt6d.sharepoint.com/_api/v2.0/drives('b!FeOZEMfQx0eGQKqVBLcP__BG8mq-4-9FuRqOyk3MXY-uqLcDyJy5Rp1j0luD0b1v')/items('root')/children('01ANJ53W3FGED7OMNZCRCKQBVAY5MUGTVR')
      Vary:
      - Accept-Encoding
      Strict-Transport-Security:
      - max-age=31536000
      Request-Id:
      - d1b74461-fde0-4a32-85e6-eadcc65a95b8
      Client-Request-Id:
      - d1b74461-fde0-4a32-85e6-eadcc65a95b8
      X-Ms-Ags-Diagnostic:
      - '{"ServerInfo":{"DataCenter":"Germany West Central","Slice":"E","Ring":"4","ScaleUnit":"006","RoleInstance":"FR1PEPF000054A3"}}'
      Splogid:
      - a9bdd6a1-f0fd-0000-8a2e-08ac967f5bf9
      Odata-Version:
      - '4.0'
      Date:
      - Thu, 06 Nov 2025 14:59:12 GMT
    body:
      encoding: UTF-8
      string: '{"@odata.context":"https://graph.microsoft.com/v1.0/$metadata#drives(''b%21FeOZEMfQx0eGQKqVBLcP__BG8mq-4-9FuRqOyk3MXY-uqLcDyJy5Rp1j0luD0b1v'')/root/children/$entity","@odata.etag":"\"{F7073165-B931-4414-A806-A0C759434EB1},1\"","eTag":"\"{F7073165-B931-4414-A806-A0C759434EB1},1\"","lastModifiedDateTime":"2025-11-06T14:59:13Z","createdDateTime":"2025-11-06T14:59:13Z","id":"01ANJ53W3FGED7OMNZCRCKQBVAY5MUGTVR","name":"PUBLIC
        PROJECT (84)","size":0,"webUrl":"https://ymt6d.sharepoint.com/sites/OPTest/AMPF%20VCR/PUBLIC%20PROJECT%20(84)","cTag":"\"c:{F7073165-B931-4414-A806-A0C759434EB1},0\"","commentSettings":{"commentingDisabled":{"isDisabled":false}},"createdBy":{"application":{"displayName":"OP
        Selected","id":"404e0567-19a1-4a64-b2d1-d3b0c99f2ed9"},"user":{"displayName":"SharePoint
        App"}},"lastModifiedBy":{"application":{"displayName":"OP Selected","id":"404e0567-19a1-4a64-b2d1-d3b0c99f2ed9"},"user":{"displayName":"SharePoint
        App"}},"parentReference":{"driveId":"b!FeOZEMfQx0eGQKqVBLcP__BG8mq-4-9FuRqOyk3MXY-uqLcDyJy5Rp1j0luD0b1v","driveType":"documentLibrary","id":"01ANJ53W56Y2GOVW7725BZO354PWSELRRZ","path":"/drives/b!FeOZEMfQx0eGQKqVBLcP__BG8mq-4-9FuRqOyk3MXY-uqLcDyJy5Rp1j0luD0b1v/root:","sharepointIds":{"listId":"03b7a8ae-9cc8-46b9-9d63-d25b83d1bd6f","listItemUniqueId":"b8815bb8-1f88-4adf-8998-4ae00259ff11","siteId":"1099e315-d0c7-47c7-8640-aa9504b70fff","siteUrl":"https://ymt6d.sharepoint.com/sites/OPTest","tenantId":"e36f1dbc-fdae-427e-b61b-0d96ddfb81a4","webId":"6af246f0-e3be-45ef-b91a-8eca4dcc5d8f"}},"fileSystemInfo":{"createdDateTime":"2025-11-06T14:59:13Z","lastModifiedDateTime":"2025-11-06T14:59:13Z"},"folder":{"childCount":0},"shared":{"scope":"unknown"}}'
  recorded_at: Thu, 06 Nov 2025 14:59:12 GMT
- request:
    method: get
    uri: https://graph.microsoft.com/v1.0/drives/b!FeOZEMfQx0eGQKqVBLcP__BG8mq-4-9FuRqOyk3MXY-uqLcDyJy5Rp1j0luD0b1v/items/01ANJ53W4HD3UABRGBDJHIOS4AVWSTB7XJ
    body:
      encoding: US-ASCII
      string: ''
    headers:
      Authorization:
      - Bearer <BEARER TOKEN>
      User-Agent:
      - httpx.rb/1.6.2
      Accept:
      - "*/*"
      Accept-Encoding:
      - gzip, deflate
  response:
    status:
      code: 200
      message: OK
    headers:
      Cache-Control:
      - no-store, no-cache
      Content-Type:
      - application/json; odata.metadata=minimal; odata.streaming=true; IEEE754Compatible=false;
        charset=utf-8
      Content-Encoding:
      - gzip
      Strict-Transport-Security:
      - max-age=31536000
      Request-Id:
      - d3d35f39-ba3f-4fdb-ad42-fb13293d5f97
      Client-Request-Id:
      - d3d35f39-ba3f-4fdb-ad42-fb13293d5f97
      X-Ms-Ags-Diagnostic:
      - '{"ServerInfo":{"DataCenter":"Germany West Central","Slice":"E","Ring":"4","ScaleUnit":"006","RoleInstance":"FR1PEPF00001FC5"}}'
      Splogid:
      - aabdd6a1-e01b-0000-8a2e-0c6737650078
      Date:
      - Thu, 06 Nov 2025 14:59:12 GMT
    body:
      encoding: UTF-8
      string: '{"@odata.context":"https://graph.microsoft.com/v1.0/$metadata#Collection(driveItem)/$entity","createdBy":{"application":{"id":"404e0567-19a1-4a64-b2d1-d3b0c99f2ed9","displayName":"OP
        Selected"},"user":{"displayName":"SharePoint App"}},"createdDateTime":"2025-11-06T14:59:12Z","eTag":"\"{00E81E87-C1C4-4E1A-874B-80ADA530FEE9},2\"","id":"01ANJ53W4HD3UABRGBDJHIOS4AVWSTB7XJ","lastModifiedBy":{"application":{"id":"404e0567-19a1-4a64-b2d1-d3b0c99f2ed9","displayName":"OP
        Selected"},"user":{"displayName":"SharePoint App"}},"lastModifiedDateTime":"2025-11-06T14:59:12Z","name":"[Sample]
        Project Name _ Ehuu (81)","parentReference":{"driveType":"documentLibrary","driveId":"b!FeOZEMfQx0eGQKqVBLcP__BG8mq-4-9FuRqOyk3MXY-uqLcDyJy5Rp1j0luD0b1v","id":"01ANJ53W56Y2GOVW7725BZO354PWSELRRZ","name":"AMPF
        VCR","path":"/drives/b!FeOZEMfQx0eGQKqVBLcP__BG8mq-4-9FuRqOyk3MXY-uqLcDyJy5Rp1j0luD0b1v/root:","siteId":"1099e315-d0c7-47c7-8640-aa9504b70fff"},"webUrl":"https://ymt6d.sharepoint.com/sites/OPTest/AMPF%20VCR/%5BSample%5D%20Project%20Name%20_%20Ehuu%20(81)","cTag":"\"c:{00E81E87-C1C4-4E1A-874B-80ADA530FEE9},0\"","fileSystemInfo":{"createdDateTime":"2025-11-06T14:59:12Z","lastModifiedDateTime":"2025-11-06T14:59:12Z"},"folder":{"childCount":0},"shared":{"scope":"users"},"size":0}'
  recorded_at: Thu, 06 Nov 2025 14:59:13 GMT
- request:
    method: get
    uri: https://graph.microsoft.com/v1.0/drives/b!FeOZEMfQx0eGQKqVBLcP__BG8mq-4-9FuRqOyk3MXY-uqLcDyJy5Rp1j0luD0b1v/items/01ANJ53W4HD3UABRGBDJHIOS4AVWSTB7XJ/permissions
    body:
      encoding: US-ASCII
      string: ''
    headers:
      Authorization:
      - Bearer <BEARER TOKEN>
      User-Agent:
      - httpx.rb/1.6.2
      Accept:
      - "*/*"
      Accept-Encoding:
      - gzip, deflate
  response:
    status:
      code: 200
      message: OK
    headers:
      Cache-Control:
      - no-store, no-cache
      Content-Type:
      - application/json;odata.metadata=minimal;odata.streaming=true;IEEE754Compatible=false;charset=utf-8
      Content-Encoding:
      - gzip
      Vary:
      - Accept-Encoding
      Strict-Transport-Security:
      - max-age=31536000
      Request-Id:
      - ba61046c-715e-4bf9-b374-c79dca8f8469
      Client-Request-Id:
      - ba61046c-715e-4bf9-b374-c79dca8f8469
      X-Ms-Ags-Diagnostic:
      - '{"ServerInfo":{"DataCenter":"Germany West Central","Slice":"E","Ring":"4","ScaleUnit":"006","RoleInstance":"FR1PEPF00001FC5"}}'
      Link:
      - <https://developer.microsoft-tst.com/en-us/graph/changes?$filterby=v1.0,Removal&from=2021-09-01&to=2021-10-01>;rel="deprecation";type="text/html",
        <https://developer.microsoft-tst.com/en-us/graph/changes?$filterby=v1.0,Removal&from=2021-09-01&to=2021-10-01>;rel="deprecation";type="text/html"
      Deprecation:
      - Fri, 03 Sep 2021 23:59:59 GMT
      Sunset:
      - Sun, 01 Oct 2023 23:59:59 GMT
      Splogid:
      - aabdd6a1-0025-0000-8a2e-0a50d2eb50fa
      Odata-Version:
      - '4.0'
      Date:
      - Thu, 06 Nov 2025 14:59:13 GMT
    body:
      encoding: UTF-8
      string: '{"@odata.context":"https://graph.microsoft.com/v1.0/$metadata#drives(''b%21FeOZEMfQx0eGQKqVBLcP__BG8mq-4-9FuRqOyk3MXY-uqLcDyJy5Rp1j0luD0b1v'')/items(''01ANJ53W4HD3UABRGBDJHIOS4AVWSTB7XJ'')/permissions","value":[{"id":"Yzowby5jfGZlZGVyYXRlZGRpcmVjdG9yeWNsYWltcHJvdmlkZXJ8NWRmYjQyNjktZDNlMy00YzcwLTgzZjUtYzQ5MzdmZjZkY2RiX28","roles":["owner"],"shareId":"Yzowby5jfGZlZGVyYXRlZGRpcmVjdG9yeWNsYWltcHJvdmlkZXJ8NWRmYjQyNjktZDNlMy00YzcwLTgzZjUtYzQ5MzdmZjZkY2RiX28","grantedToV2":{"group":{"@odata.type":"#microsoft.graph.sharePointIdentity","displayName":"OP
        Test Owners","email":"OPTest@ymt6d.onmicrosoft.com","id":"5dfb4269-d3e3-4c70-83f5-c4937ff6dcdb"},"siteUser":{"displayName":"OP
        Test Owners","email":"OPTest@ymt6d.onmicrosoft.com","id":"6","loginName":"c:0o.c|federateddirectoryclaimprovider|5dfb4269-d3e3-4c70-83f5-c4937ff6dcdb_o"}},"grantedTo":{"user":{"displayName":"OP
        Test Owners","email":"OPTest@ymt6d.onmicrosoft.com","id":"5dfb4269-d3e3-4c70-83f5-c4937ff6dcdb"}},"inheritedFrom":{}}]}'
  recorded_at: Thu, 06 Nov 2025 14:59:13 GMT
- request:
    method: post
    uri: https://graph.microsoft.com/v1.0/drives/b!FeOZEMfQx0eGQKqVBLcP__BG8mq-4-9FuRqOyk3MXY-uqLcDyJy5Rp1j0luD0b1v/items/01ANJ53W4HD3UABRGBDJHIOS4AVWSTB7XJ/invite
    body:
      encoding: UTF-8
      string: '{"requireSignIn":true,"sendInvitation":false,"roles":["write"],"recipients":[{"objectId":"f220e557-9477-47d5-94a7-672843be6b0a"},{"objectId":"a9023fd0-c421-4695-b83c-bb3ba67708d6"},{"objectId":"49abf87c-31df-47ef-858d-fbc801b0985a"}]}'
    headers:
      Authorization:
      - Bearer <BEARER TOKEN>
      User-Agent:
      - httpx.rb/1.6.2
      Accept:
      - "*/*"
      Accept-Encoding:
      - gzip, deflate
      Content-Type:
      - application/json; charset=utf-8
      Content-Length:
      - '234'
  response:
    status:
      code: 200
      message: OK
    headers:
      Cache-Control:
      - no-store, no-cache
      Content-Type:
      - application/json;odata.metadata=minimal;odata.streaming=true;IEEE754Compatible=false;charset=utf-8
      Content-Encoding:
      - gzip
      Location:
      - https://graph.microsoft.com
      Vary:
      - Accept-Encoding
      Strict-Transport-Security:
      - max-age=31536000
      Request-Id:
      - c7b5803d-fd99-42a1-9f7e-aff7ad725a3a
      Client-Request-Id:
      - c7b5803d-fd99-42a1-9f7e-aff7ad725a3a
      X-Ms-Ags-Diagnostic:
      - '{"ServerInfo":{"DataCenter":"Germany West Central","Slice":"E","Ring":"4","ScaleUnit":"006","RoleInstance":"FR1PEPF00001FC5"}}'
      Link:
      - <https://developer.microsoft-tst.com/en-us/graph/changes?$filterby=v1.0,Removal&from=2021-09-01&to=2021-10-01>;rel="deprecation";type="text/html",
        <https://developer.microsoft-tst.com/en-us/graph/changes?$filterby=v1.0,Removal&from=2021-09-01&to=2021-10-01>;rel="deprecation";type="text/html"
      Deprecation:
      - Fri, 03 Sep 2021 23:59:59 GMT
      Sunset:
      - Sun, 01 Oct 2023 23:59:59 GMT
      Splogid:
      - aabdd6a1-d034-0000-8a2e-0a520370dfe1
      Odata-Version:
      - '4.0'
      Date:
      - Thu, 06 Nov 2025 14:59:14 GMT
    body:
      encoding: UTF-8
      string: '{"@odata.context":"https://graph.microsoft.com/v1.0/$metadata#Collection(microsoft.graph.permission)","value":[{"id":"aTowIy5mfG1lbWJlcnNoaXB8bWVnYW5iQHltdDZkLm9ubWljcm9zb2Z0LmNvbQ","roles":["write"],"grantedToV2":{"user":{"@odata.type":"#microsoft.graph.sharePointIdentity","displayName":"Megan
        Bowen","email":"MeganB@ymt6d.onmicrosoft.com","id":"f220e557-9477-47d5-94a7-672843be6b0a"}},"grantedTo":{"user":{"displayName":"Megan
        Bowen","email":"MeganB@ymt6d.onmicrosoft.com","id":"f220e557-9477-47d5-94a7-672843be6b0a"}}},{"id":"aTowIy5mfG1lbWJlcnNoaXB8b3AubWVtYmVyQHltdDZkLm9ubWljcm9zb2Z0LmNvbQ","roles":["write"],"grantedToV2":{"user":{"@odata.type":"#microsoft.graph.sharePointIdentity","displayName":"OP
        Member","email":"op.member@ymt6d.onmicrosoft.com","id":"a9023fd0-c421-4695-b83c-bb3ba67708d6"}},"grantedTo":{"user":{"displayName":"OP
        Member","email":"op.member@ymt6d.onmicrosoft.com","id":"a9023fd0-c421-4695-b83c-bb3ba67708d6"}}},{"id":"aTowIy5mfG1lbWJlcnNoaXB8aGVucmlldHRhbUB5bXQ2ZC5vbm1pY3Jvc29mdC5jb20","roles":["write"],"grantedToV2":{"user":{"@odata.type":"#microsoft.graph.sharePointIdentity","displayName":"Henrietta
        Mueller","email":"HenriettaM@ymt6d.onmicrosoft.com","id":"49abf87c-31df-47ef-858d-fbc801b0985a"}},"grantedTo":{"user":{"displayName":"Henrietta
        Mueller","email":"HenriettaM@ymt6d.onmicrosoft.com","id":"49abf87c-31df-47ef-858d-fbc801b0985a"}}}]}'
  recorded_at: Thu, 06 Nov 2025 14:59:14 GMT
- request:
    method: get
    uri: https://graph.microsoft.com/v1.0/drives/b!FeOZEMfQx0eGQKqVBLcP__BG8mq-4-9FuRqOyk3MXY-uqLcDyJy5Rp1j0luD0b1v/items/01ANJ53W22QYGBKIIBJZBZCP2C5552YZZK
    body:
      encoding: US-ASCII
      string: ''
    headers:
      Authorization:
      - Bearer <BEARER TOKEN>
      User-Agent:
      - httpx.rb/1.6.2
      Accept:
      - "*/*"
      Accept-Encoding:
      - gzip, deflate
  response:
    status:
      code: 200
      message: OK
    headers:
      Cache-Control:
      - no-store, no-cache
      Content-Type:
      - application/json; odata.metadata=minimal; odata.streaming=true; IEEE754Compatible=false;
        charset=utf-8
      Content-Encoding:
      - gzip
      Strict-Transport-Security:
      - max-age=31536000
      Request-Id:
      - 3a3cc9d8-1568-4c5f-9a89-bb34d112cff7
      Client-Request-Id:
      - 3a3cc9d8-1568-4c5f-9a89-bb34d112cff7
      X-Ms-Ags-Diagnostic:
      - '{"ServerInfo":{"DataCenter":"Germany West Central","Slice":"E","Ring":"4","ScaleUnit":"006","RoleInstance":"FR1PEPF00001FD3"}}'
      Splogid:
      - aabdd6a1-d077-0000-9865-0abbf197833f
      Date:
      - Thu, 06 Nov 2025 14:59:14 GMT
    body:
      encoding: UTF-8
      string: '{"@odata.context":"https://graph.microsoft.com/v1.0/$metadata#Collection(driveItem)/$entity","createdBy":{"application":{"id":"404e0567-19a1-4a64-b2d1-d3b0c99f2ed9","displayName":"OP
        Selected"},"user":{"displayName":"SharePoint App"}},"createdDateTime":"2025-11-06T14:59:12Z","eTag":"\"{150C865A-0121-434E-913F-42EF7BAC672A},2\"","id":"01ANJ53W22QYGBKIIBJZBZCP2C5552YZZK","lastModifiedBy":{"application":{"id":"404e0567-19a1-4a64-b2d1-d3b0c99f2ed9","displayName":"OP
        Selected"},"user":{"displayName":"SharePoint App"}},"lastModifiedDateTime":"2025-11-06T14:59:12Z","name":"_=o=_
        _ _Jedi_ Project Folder ___ (82)","parentReference":{"driveType":"documentLibrary","driveId":"b!FeOZEMfQx0eGQKqVBLcP__BG8mq-4-9FuRqOyk3MXY-uqLcDyJy5Rp1j0luD0b1v","id":"01ANJ53W56Y2GOVW7725BZO354PWSELRRZ","name":"AMPF
        VCR","path":"/drives/b!FeOZEMfQx0eGQKqVBLcP__BG8mq-4-9FuRqOyk3MXY-uqLcDyJy5Rp1j0luD0b1v/root:","siteId":"1099e315-d0c7-47c7-8640-aa9504b70fff"},"webUrl":"https://ymt6d.sharepoint.com/sites/OPTest/AMPF%20VCR/_=o=_%20_%20_Jedi_%20Project%20Folder%20___%20(82)","cTag":"\"c:{150C865A-0121-434E-913F-42EF7BAC672A},0\"","fileSystemInfo":{"createdDateTime":"2025-11-06T14:59:12Z","lastModifiedDateTime":"2025-11-06T14:59:12Z"},"folder":{"childCount":0},"shared":{"scope":"users"},"size":0}'
  recorded_at: Thu, 06 Nov 2025 14:59:14 GMT
- request:
    method: get
    uri: https://graph.microsoft.com/v1.0/drives/b!FeOZEMfQx0eGQKqVBLcP__BG8mq-4-9FuRqOyk3MXY-uqLcDyJy5Rp1j0luD0b1v/items/01ANJ53W22QYGBKIIBJZBZCP2C5552YZZK/permissions
    body:
      encoding: US-ASCII
      string: ''
    headers:
      Authorization:
      - Bearer <BEARER TOKEN>
      User-Agent:
      - httpx.rb/1.6.2
      Accept:
      - "*/*"
      Accept-Encoding:
      - gzip, deflate
  response:
    status:
      code: 200
      message: OK
    headers:
      Cache-Control:
      - no-store, no-cache
      Content-Type:
      - application/json;odata.metadata=minimal;odata.streaming=true;IEEE754Compatible=false;charset=utf-8
      Content-Encoding:
      - gzip
      Vary:
      - Accept-Encoding
      Strict-Transport-Security:
      - max-age=31536000
      Request-Id:
      - 147afe29-b294-4e2a-b6f6-325dda273b5c
      Client-Request-Id:
      - 147afe29-b294-4e2a-b6f6-325dda273b5c
      X-Ms-Ags-Diagnostic:
      - '{"ServerInfo":{"DataCenter":"Germany West Central","Slice":"E","Ring":"4","ScaleUnit":"006","RoleInstance":"FR1PEPF00001FD3"}}'
      Link:
      - <https://developer.microsoft-tst.com/en-us/graph/changes?$filterby=v1.0,Removal&from=2021-09-01&to=2021-10-01>;rel="deprecation";type="text/html",
        <https://developer.microsoft-tst.com/en-us/graph/changes?$filterby=v1.0,Removal&from=2021-09-01&to=2021-10-01>;rel="deprecation";type="text/html"
      Deprecation:
      - Fri, 03 Sep 2021 23:59:59 GMT
      Sunset:
      - Sun, 01 Oct 2023 23:59:59 GMT
      Splogid:
      - aabdd6a1-f07f-0000-9865-021a46101713
      Odata-Version:
      - '4.0'
      Date:
      - Thu, 06 Nov 2025 14:59:14 GMT
    body:
      encoding: UTF-8
      string: '{"@odata.context":"https://graph.microsoft.com/v1.0/$metadata#drives(''b%21FeOZEMfQx0eGQKqVBLcP__BG8mq-4-9FuRqOyk3MXY-uqLcDyJy5Rp1j0luD0b1v'')/items(''01ANJ53W22QYGBKIIBJZBZCP2C5552YZZK'')/permissions","value":[{"id":"Yzowby5jfGZlZGVyYXRlZGRpcmVjdG9yeWNsYWltcHJvdmlkZXJ8NWRmYjQyNjktZDNlMy00YzcwLTgzZjUtYzQ5MzdmZjZkY2RiX28","roles":["owner"],"shareId":"Yzowby5jfGZlZGVyYXRlZGRpcmVjdG9yeWNsYWltcHJvdmlkZXJ8NWRmYjQyNjktZDNlMy00YzcwLTgzZjUtYzQ5MzdmZjZkY2RiX28","grantedToV2":{"group":{"@odata.type":"#microsoft.graph.sharePointIdentity","displayName":"OP
        Test Owners","email":"OPTest@ymt6d.onmicrosoft.com","id":"5dfb4269-d3e3-4c70-83f5-c4937ff6dcdb"},"siteUser":{"displayName":"OP
        Test Owners","email":"OPTest@ymt6d.onmicrosoft.com","id":"6","loginName":"c:0o.c|federateddirectoryclaimprovider|5dfb4269-d3e3-4c70-83f5-c4937ff6dcdb_o"}},"grantedTo":{"user":{"displayName":"OP
        Test Owners","email":"OPTest@ymt6d.onmicrosoft.com","id":"5dfb4269-d3e3-4c70-83f5-c4937ff6dcdb"}},"inheritedFrom":{}}]}'
  recorded_at: Thu, 06 Nov 2025 14:59:14 GMT
- request:
    method: post
    uri: https://graph.microsoft.com/v1.0/drives/b!FeOZEMfQx0eGQKqVBLcP__BG8mq-4-9FuRqOyk3MXY-uqLcDyJy5Rp1j0luD0b1v/items/01ANJ53W22QYGBKIIBJZBZCP2C5552YZZK/invite
    body:
      encoding: UTF-8
      string: '{"requireSignIn":true,"sendInvitation":false,"roles":["write"],"recipients":[{"objectId":"f220e557-9477-47d5-94a7-672843be6b0a"},{"objectId":"49abf87c-31df-47ef-858d-fbc801b0985a"}]}'
    headers:
      Authorization:
      - Bearer <BEARER TOKEN>
      User-Agent:
      - httpx.rb/1.6.2
      Accept:
      - "*/*"
      Accept-Encoding:
      - gzip, deflate
      Content-Type:
      - application/json; charset=utf-8
      Content-Length:
      - '182'
  response:
    status:
      code: 200
      message: OK
    headers:
      Cache-Control:
      - no-store, no-cache
      Content-Type:
      - application/json;odata.metadata=minimal;odata.streaming=true;IEEE754Compatible=false;charset=utf-8
      Content-Encoding:
      - gzip
      Location:
      - https://graph.microsoft.com
      Vary:
      - Accept-Encoding
      Strict-Transport-Security:
      - max-age=31536000
      Request-Id:
      - 83afda73-5095-45dd-8089-0542d807d906
      Client-Request-Id:
      - 83afda73-5095-45dd-8089-0542d807d906
      X-Ms-Ags-Diagnostic:
      - '{"ServerInfo":{"DataCenter":"Germany West Central","Slice":"E","Ring":"4","ScaleUnit":"006","RoleInstance":"FR1PEPF00001FD3"}}'
      Link:
      - <https://developer.microsoft-tst.com/en-us/graph/changes?$filterby=v1.0,Removal&from=2021-09-01&to=2021-10-01>;rel="deprecation";type="text/html",
        <https://developer.microsoft-tst.com/en-us/graph/changes?$filterby=v1.0,Removal&from=2021-09-01&to=2021-10-01>;rel="deprecation";type="text/html"
      Deprecation:
      - Fri, 03 Sep 2021 23:59:59 GMT
      Sunset:
      - Sun, 01 Oct 2023 23:59:59 GMT
      Splogid:
      - aabdd6a1-608e-0000-9865-06c976d0394a
      Odata-Version:
      - '4.0'
      Date:
      - Thu, 06 Nov 2025 14:59:15 GMT
    body:
      encoding: UTF-8
      string: '{"@odata.context":"https://graph.microsoft.com/v1.0/$metadata#Collection(microsoft.graph.permission)","value":[{"id":"aTowIy5mfG1lbWJlcnNoaXB8bWVnYW5iQHltdDZkLm9ubWljcm9zb2Z0LmNvbQ","roles":["write"],"grantedToV2":{"user":{"@odata.type":"#microsoft.graph.sharePointIdentity","displayName":"Megan
        Bowen","email":"MeganB@ymt6d.onmicrosoft.com","id":"f220e557-9477-47d5-94a7-672843be6b0a"}},"grantedTo":{"user":{"displayName":"Megan
        Bowen","email":"MeganB@ymt6d.onmicrosoft.com","id":"f220e557-9477-47d5-94a7-672843be6b0a"}}},{"id":"aTowIy5mfG1lbWJlcnNoaXB8aGVucmlldHRhbUB5bXQ2ZC5vbm1pY3Jvc29mdC5jb20","roles":["write"],"grantedToV2":{"user":{"@odata.type":"#microsoft.graph.sharePointIdentity","displayName":"Henrietta
        Mueller","email":"HenriettaM@ymt6d.onmicrosoft.com","id":"49abf87c-31df-47ef-858d-fbc801b0985a"}},"grantedTo":{"user":{"displayName":"Henrietta
        Mueller","email":"HenriettaM@ymt6d.onmicrosoft.com","id":"49abf87c-31df-47ef-858d-fbc801b0985a"}}}]}'
  recorded_at: Thu, 06 Nov 2025 14:59:15 GMT
- request:
    method: get
    uri: https://graph.microsoft.com/v1.0/drives/b!FeOZEMfQx0eGQKqVBLcP__BG8mq-4-9FuRqOyk3MXY-uqLcDyJy5Rp1j0luD0b1v/items/01ANJ53W3FGED7OMNZCRCKQBVAY5MUGTVR
    body:
      encoding: US-ASCII
      string: ''
    headers:
      Authorization:
      - Bearer <BEARER TOKEN>
      User-Agent:
      - httpx.rb/1.6.2
      Accept:
      - "*/*"
      Accept-Encoding:
      - gzip, deflate
  response:
    status:
      code: 200
      message: OK
    headers:
      Cache-Control:
      - no-store, no-cache
      Content-Type:
      - application/json; odata.metadata=minimal; odata.streaming=true; IEEE754Compatible=false;
        charset=utf-8
      Content-Encoding:
      - gzip
      Strict-Transport-Security:
      - max-age=31536000
      Request-Id:
      - af259e4a-6db9-483e-845d-31c4a37ae9ad
      Client-Request-Id:
      - af259e4a-6db9-483e-845d-31c4a37ae9ad
      X-Ms-Ags-Diagnostic:
      - '{"ServerInfo":{"DataCenter":"Germany West Central","Slice":"E","Ring":"4","ScaleUnit":"006","RoleInstance":"FR1PEPF00001FCB"}}'
      Splogid:
      - aabdd6a1-d0cc-0000-9865-020d7d64fc57
      Date:
      - Thu, 06 Nov 2025 14:59:15 GMT
    body:
      encoding: UTF-8
      string: '{"@odata.context":"https://graph.microsoft.com/v1.0/$metadata#Collection(driveItem)/$entity","createdBy":{"application":{"id":"404e0567-19a1-4a64-b2d1-d3b0c99f2ed9","displayName":"OP
        Selected"},"user":{"displayName":"SharePoint App"}},"createdDateTime":"2025-11-06T14:59:13Z","eTag":"\"{F7073165-B931-4414-A806-A0C759434EB1},2\"","id":"01ANJ53W3FGED7OMNZCRCKQBVAY5MUGTVR","lastModifiedBy":{"application":{"id":"404e0567-19a1-4a64-b2d1-d3b0c99f2ed9","displayName":"OP
        Selected"},"user":{"displayName":"SharePoint App"}},"lastModifiedDateTime":"2025-11-06T14:59:13Z","name":"PUBLIC
        PROJECT (84)","parentReference":{"driveType":"documentLibrary","driveId":"b!FeOZEMfQx0eGQKqVBLcP__BG8mq-4-9FuRqOyk3MXY-uqLcDyJy5Rp1j0luD0b1v","id":"01ANJ53W56Y2GOVW7725BZO354PWSELRRZ","name":"AMPF
        VCR","path":"/drives/b!FeOZEMfQx0eGQKqVBLcP__BG8mq-4-9FuRqOyk3MXY-uqLcDyJy5Rp1j0luD0b1v/root:","siteId":"1099e315-d0c7-47c7-8640-aa9504b70fff"},"webUrl":"https://ymt6d.sharepoint.com/sites/OPTest/AMPF%20VCR/PUBLIC%20PROJECT%20(84)","cTag":"\"c:{F7073165-B931-4414-A806-A0C759434EB1},0\"","fileSystemInfo":{"createdDateTime":"2025-11-06T14:59:13Z","lastModifiedDateTime":"2025-11-06T14:59:13Z"},"folder":{"childCount":0},"shared":{"scope":"users"},"size":0}'
  recorded_at: Thu, 06 Nov 2025 14:59:15 GMT
- request:
    method: get
    uri: https://graph.microsoft.com/v1.0/drives/b!FeOZEMfQx0eGQKqVBLcP__BG8mq-4-9FuRqOyk3MXY-uqLcDyJy5Rp1j0luD0b1v/items/01ANJ53W3FGED7OMNZCRCKQBVAY5MUGTVR/permissions
    body:
      encoding: US-ASCII
      string: ''
    headers:
      Authorization:
      - Bearer <BEARER TOKEN>
      User-Agent:
      - httpx.rb/1.6.2
      Accept:
      - "*/*"
      Accept-Encoding:
      - gzip, deflate
  response:
    status:
      code: 200
      message: OK
    headers:
      Cache-Control:
      - no-store, no-cache
      Content-Type:
      - application/json;odata.metadata=minimal;odata.streaming=true;IEEE754Compatible=false;charset=utf-8
      Content-Encoding:
      - gzip
      Vary:
      - Accept-Encoding
      Strict-Transport-Security:
      - max-age=31536000
      Request-Id:
      - b47142cf-d170-4322-a67e-f7b80729159d
      Client-Request-Id:
      - b47142cf-d170-4322-a67e-f7b80729159d
      X-Ms-Ags-Diagnostic:
      - '{"ServerInfo":{"DataCenter":"Germany West Central","Slice":"E","Ring":"4","ScaleUnit":"006","RoleInstance":"FR1PEPF00001FCB"}}'
      Link:
      - <https://developer.microsoft-tst.com/en-us/graph/changes?$filterby=v1.0,Removal&from=2021-09-01&to=2021-10-01>;rel="deprecation";type="text/html",
        <https://developer.microsoft-tst.com/en-us/graph/changes?$filterby=v1.0,Removal&from=2021-09-01&to=2021-10-01>;rel="deprecation";type="text/html"
      Deprecation:
      - Fri, 03 Sep 2021 23:59:59 GMT
      Sunset:
      - Sun, 01 Oct 2023 23:59:59 GMT
      Splogid:
      - aabdd6a1-20d3-0000-9865-02602741c29d
      Odata-Version:
      - '4.0'
      Date:
      - Thu, 06 Nov 2025 14:59:15 GMT
    body:
      encoding: UTF-8
      string: '{"@odata.context":"https://graph.microsoft.com/v1.0/$metadata#drives(''b%21FeOZEMfQx0eGQKqVBLcP__BG8mq-4-9FuRqOyk3MXY-uqLcDyJy5Rp1j0luD0b1v'')/items(''01ANJ53W3FGED7OMNZCRCKQBVAY5MUGTVR'')/permissions","value":[{"id":"Yzowby5jfGZlZGVyYXRlZGRpcmVjdG9yeWNsYWltcHJvdmlkZXJ8NWRmYjQyNjktZDNlMy00YzcwLTgzZjUtYzQ5MzdmZjZkY2RiX28","roles":["owner"],"shareId":"Yzowby5jfGZlZGVyYXRlZGRpcmVjdG9yeWNsYWltcHJvdmlkZXJ8NWRmYjQyNjktZDNlMy00YzcwLTgzZjUtYzQ5MzdmZjZkY2RiX28","grantedToV2":{"group":{"@odata.type":"#microsoft.graph.sharePointIdentity","displayName":"OP
        Test Owners","email":"OPTest@ymt6d.onmicrosoft.com","id":"5dfb4269-d3e3-4c70-83f5-c4937ff6dcdb"},"siteUser":{"displayName":"OP
        Test Owners","email":"OPTest@ymt6d.onmicrosoft.com","id":"6","loginName":"c:0o.c|federateddirectoryclaimprovider|5dfb4269-d3e3-4c70-83f5-c4937ff6dcdb_o"}},"grantedTo":{"user":{"displayName":"OP
        Test Owners","email":"OPTest@ymt6d.onmicrosoft.com","id":"5dfb4269-d3e3-4c70-83f5-c4937ff6dcdb"}},"inheritedFrom":{}}]}'
  recorded_at: Thu, 06 Nov 2025 14:59:16 GMT
- request:
    method: post
    uri: https://graph.microsoft.com/v1.0/drives/b!FeOZEMfQx0eGQKqVBLcP__BG8mq-4-9FuRqOyk3MXY-uqLcDyJy5Rp1j0luD0b1v/items/01ANJ53W3FGED7OMNZCRCKQBVAY5MUGTVR/invite
    body:
      encoding: UTF-8
      string: '{"requireSignIn":true,"sendInvitation":false,"roles":["read"],"recipients":[{"objectId":"a9023fd0-c421-4695-b83c-bb3ba67708d6"},{"objectId":"49abf87c-31df-47ef-858d-fbc801b0985a"}]}'
    headers:
      Authorization:
      - Bearer <BEARER TOKEN>
      User-Agent:
      - httpx.rb/1.6.2
      Accept:
      - "*/*"
      Accept-Encoding:
      - gzip, deflate
      Content-Type:
      - application/json; charset=utf-8
      Content-Length:
      - '181'
  response:
    status:
      code: 200
      message: OK
    headers:
      Cache-Control:
      - no-store, no-cache
      Content-Type:
      - application/json;odata.metadata=minimal;odata.streaming=true;IEEE754Compatible=false;charset=utf-8
      Content-Encoding:
      - gzip
      Location:
      - https://graph.microsoft.com
      Vary:
      - Accept-Encoding
      Strict-Transport-Security:
      - max-age=31536000
      Request-Id:
      - d31b98fb-c304-4eb5-8742-a2e24fe82fdd
      Client-Request-Id:
      - d31b98fb-c304-4eb5-8742-a2e24fe82fdd
      X-Ms-Ags-Diagnostic:
      - '{"ServerInfo":{"DataCenter":"Germany West Central","Slice":"E","Ring":"4","ScaleUnit":"006","RoleInstance":"FR1PEPF00001FCB"}}'
      Link:
      - <https://developer.microsoft-tst.com/en-us/graph/changes?$filterby=v1.0,Removal&from=2021-09-01&to=2021-10-01>;rel="deprecation";type="text/html",
        <https://developer.microsoft-tst.com/en-us/graph/changes?$filterby=v1.0,Removal&from=2021-09-01&to=2021-10-01>;rel="deprecation";type="text/html"
      Deprecation:
      - Fri, 03 Sep 2021 23:59:59 GMT
      Sunset:
      - Sun, 01 Oct 2023 23:59:59 GMT
      Splogid:
      - aabdd6a1-60dd-0000-9865-060b1d98466d
      Odata-Version:
      - '4.0'
      Date:
      - Thu, 06 Nov 2025 14:59:16 GMT
    body:
      encoding: UTF-8
      string: '{"@odata.context":"https://graph.microsoft.com/v1.0/$metadata#Collection(microsoft.graph.permission)","value":[{"id":"aTowIy5mfG1lbWJlcnNoaXB8b3AubWVtYmVyQHltdDZkLm9ubWljcm9zb2Z0LmNvbQ","roles":["read"],"grantedToV2":{"user":{"@odata.type":"#microsoft.graph.sharePointIdentity","displayName":"OP
        Member","email":"op.member@ymt6d.onmicrosoft.com","id":"a9023fd0-c421-4695-b83c-bb3ba67708d6"}},"grantedTo":{"user":{"displayName":"OP
        Member","email":"op.member@ymt6d.onmicrosoft.com","id":"a9023fd0-c421-4695-b83c-bb3ba67708d6"}}},{"id":"aTowIy5mfG1lbWJlcnNoaXB8aGVucmlldHRhbUB5bXQ2ZC5vbm1pY3Jvc29mdC5jb20","roles":["read"],"grantedToV2":{"user":{"@odata.type":"#microsoft.graph.sharePointIdentity","displayName":"Henrietta
        Mueller","email":"HenriettaM@ymt6d.onmicrosoft.com","id":"49abf87c-31df-47ef-858d-fbc801b0985a"}},"grantedTo":{"user":{"displayName":"Henrietta
        Mueller","email":"HenriettaM@ymt6d.onmicrosoft.com","id":"49abf87c-31df-47ef-858d-fbc801b0985a"}}}]}'
  recorded_at: Thu, 06 Nov 2025 14:59:16 GMT
- request:
    method: post
    uri: https://graph.microsoft.com/v1.0/drives/b!FeOZEMfQx0eGQKqVBLcP__BG8mq-4-9FuRqOyk3MXY-uqLcDyJy5Rp1j0luD0b1v/items/01ANJ53W3FGED7OMNZCRCKQBVAY5MUGTVR/invite
    body:
      encoding: UTF-8
      string: '{"requireSignIn":true,"sendInvitation":false,"roles":["write"],"recipients":[{"objectId":"f220e557-9477-47d5-94a7-672843be6b0a"}]}'
    headers:
      Authorization:
      - Bearer <BEARER TOKEN>
      User-Agent:
      - httpx.rb/1.6.2
      Accept:
      - "*/*"
      Accept-Encoding:
      - gzip, deflate
      Content-Type:
      - application/json; charset=utf-8
      Content-Length:
      - '130'
  response:
    status:
      code: 200
      message: OK
    headers:
      Cache-Control:
      - no-store, no-cache
      Content-Type:
      - application/json;odata.metadata=minimal;odata.streaming=true;IEEE754Compatible=false;charset=utf-8
      Content-Encoding:
      - gzip
      Location:
      - https://graph.microsoft.com
      Vary:
      - Accept-Encoding
      Strict-Transport-Security:
      - max-age=31536000
      Request-Id:
      - ced19cd3-7b04-4e5d-9c9d-eef3a045d22d
      Client-Request-Id:
      - ced19cd3-7b04-4e5d-9c9d-eef3a045d22d
      X-Ms-Ags-Diagnostic:
      - '{"ServerInfo":{"DataCenter":"Germany West Central","Slice":"E","Ring":"4","ScaleUnit":"006","RoleInstance":"FR1PEPF00001FCB"}}'
      Link:
      - <https://developer.microsoft-tst.com/en-us/graph/changes?$filterby=v1.0,Removal&from=2021-09-01&to=2021-10-01>;rel="deprecation";type="text/html",
        <https://developer.microsoft-tst.com/en-us/graph/changes?$filterby=v1.0,Removal&from=2021-09-01&to=2021-10-01>;rel="deprecation";type="text/html"
      Deprecation:
      - Fri, 03 Sep 2021 23:59:59 GMT
      Sunset:
      - Sun, 01 Oct 2023 23:59:59 GMT
      Splogid:
      - abbdd6a1-f004-0000-9865-0d72aa3973b4
      Odata-Version:
      - '4.0'
      Date:
      - Thu, 06 Nov 2025 14:59:16 GMT
    body:
      encoding: UTF-8
      string: '{"@odata.context":"https://graph.microsoft.com/v1.0/$metadata#Collection(microsoft.graph.permission)","value":[{"id":"aTowIy5mfG1lbWJlcnNoaXB8bWVnYW5iQHltdDZkLm9ubWljcm9zb2Z0LmNvbQ","roles":["write"],"grantedToV2":{"user":{"@odata.type":"#microsoft.graph.sharePointIdentity","displayName":"Megan
        Bowen","email":"MeganB@ymt6d.onmicrosoft.com","id":"f220e557-9477-47d5-94a7-672843be6b0a"}},"grantedTo":{"user":{"displayName":"Megan
        Bowen","email":"MeganB@ymt6d.onmicrosoft.com","id":"f220e557-9477-47d5-94a7-672843be6b0a"}}}]}'
  recorded_at: Thu, 06 Nov 2025 14:59:17 GMT
- request:
    method: get
    uri: https://graph.microsoft.com/v1.0/sites/ymt6d.sharepoint.com:/sites/OPTest:/lists?$expand=drive&$select=id,name,drive
    body:
      encoding: US-ASCII
      string: ''
    headers:
      Authorization:
      - Bearer <BEARER TOKEN>
      User-Agent:
      - httpx.rb/1.6.2
      Accept:
      - "*/*"
      Accept-Encoding:
      - gzip, deflate
  response:
    status:
      code: 200
      message: OK
    headers:
      Cache-Control:
      - no-store, no-cache
      Content-Type:
      - application/json;odata.metadata=minimal;odata.streaming=true;IEEE754Compatible=false;charset=utf-8
      Content-Encoding:
      - gzip
      Vary:
      - Accept-Encoding
      Strict-Transport-Security:
      - max-age=31536000
      Request-Id:
      - 8ab03bf2-dedf-42ef-80d0-ada29947d7f3
      Client-Request-Id:
      - 8ab03bf2-dedf-42ef-80d0-ada29947d7f3
      X-Ms-Ags-Diagnostic:
      - '{"ServerInfo":{"DataCenter":"Germany West Central","Slice":"E","Ring":"4","ScaleUnit":"006","RoleInstance":"FR1PEPF0000549D"}}'
      Splogid:
      - abbdd6a1-202b-0000-8a2e-091589a22873
      Odata-Version:
      - '4.0'
      Date:
      - Thu, 06 Nov 2025 14:59:17 GMT
    body:
      encoding: UTF-8
      string: '{"@odata.context":"https://graph.microsoft.com/v1.0/$metadata#Collection(microsoft.graph.list)(id,name,drive,drive())","value":[{"@odata.etag":"\"df897210-689b-48ba-a128-0a6b8662a40a,26\"","id":"df897210-689b-48ba-a128-0a6b8662a40a","name":"OpenProject","drive@odata.context":"https://graph.microsoft.com/v1.0/$metadata#Collection(microsoft.graph.list)(''df897210-689b-48ba-a128-0a6b8662a40a'')/drive/$entity","drive":{"createdDateTime":"2024-02-02T13:53:33Z","description":"Enabled
        for automatic management","id":"b!FeOZEMfQx0eGQKqVBLcP__BG8mq-4-9FuRqOyk3MXY8Qconfm2i6SKEoCmuGYqQK","lastModifiedDateTime":"2025-10-14T07:40:08Z","name":"OpenProject","webUrl":"https://ymt6d.sharepoint.com/sites/OPTest/OpenProject","driveType":"documentLibrary","createdBy":{"user":{"email":"op.admin@ymt6d.onmicrosoft.com","id":"5b5a7dc4-4539-41ba-9fa9-100f0a26acb7","displayName":"Eric
        Schubert"}},"lastModifiedBy":{"user":{"email":"op.admin@ymt6d.onmicrosoft.com","id":"5b5a7dc4-4539-41ba-9fa9-100f0a26acb7","displayName":"Eric
        Schubert"}},"owner":{"group":{"email":"OPTest@ymt6d.onmicrosoft.com","id":"5dfb4269-d3e3-4c70-83f5-c4937ff6dcdb","displayName":"OP
        Test Owners"}},"quota":{"deleted":5267982,"remaining":27487613283359,"state":"normal","total":27487790694400,"used":172143059}}},{"@odata.etag":"\"7a76be3b-077e-41ef-a9d9-1d7f97080cb0,22\"","id":"7a76be3b-077e-41ef-a9d9-1d7f97080cb0","name":"Shared
        Documents","drive@odata.context":"https://graph.microsoft.com/v1.0/$metadata#Collection(microsoft.graph.list)(''7a76be3b-077e-41ef-a9d9-1d7f97080cb0'')/drive/$entity","drive":{"createdDateTime":"2023-12-10T00:27:16Z","description":"","id":"b!FeOZEMfQx0eGQKqVBLcP__BG8mq-4-9FuRqOyk3MXY87vnZ6fgfvQanZHX-XCAyw","lastModifiedDateTime":"2025-09-23T11:10:46Z","name":"Documents","webUrl":"https://ymt6d.sharepoint.com/sites/OPTest/Shared%20Documents","driveType":"documentLibrary","createdBy":{"user":{"displayName":"System
        Account"}},"lastModifiedBy":{"user":{"email":"op.admin@ymt6d.onmicrosoft.com","id":"5b5a7dc4-4539-41ba-9fa9-100f0a26acb7","displayName":"Eric
        Schubert"}},"owner":{"group":{"email":"OPTest@ymt6d.onmicrosoft.com","id":"5dfb4269-d3e3-4c70-83f5-c4937ff6dcdb","displayName":"OP
        Test Owners"}},"quota":{"deleted":5267982,"remaining":27487613283359,"state":"normal","total":27487790694400,"used":172143059}}},{"@odata.etag":"\"5cda990f-64f2-4035-9932-21b6d6409a25,20\"","id":"5cda990f-64f2-4035-9932-21b6d6409a25","name":"Selected
        Permissions","drive@odata.context":"https://graph.microsoft.com/v1.0/$metadata#Collection(microsoft.graph.list)(''5cda990f-64f2-4035-9932-21b6d6409a25'')/drive/$entity","drive":{"createdDateTime":"2024-08-12T13:14:43Z","description":"","id":"b!FeOZEMfQx0eGQKqVBLcP__BG8mq-4-9FuRqOyk3MXY8Pmdpc8mQ1QJkyIbbWQJol","lastModifiedDateTime":"2025-09-19T02:10:34Z","name":"Selected
        Permissions","webUrl":"https://ymt6d.sharepoint.com/sites/OPTest/Selected%20Permissions","driveType":"documentLibrary","createdBy":{"user":{"email":"op.admin@ymt6d.onmicrosoft.com","id":"5b5a7dc4-4539-41ba-9fa9-100f0a26acb7","displayName":"Eric
        Schubert"}},"lastModifiedBy":{"user":{"displayName":"SharePoint App"}},"owner":{"group":{"email":"OPTest@ymt6d.onmicrosoft.com","id":"5dfb4269-d3e3-4c70-83f5-c4937ff6dcdb","displayName":"OP
        Test Owners"}},"quota":{"deleted":5267982,"remaining":27487613283359,"state":"normal","total":27487790694400,"used":172143059}}},{"@odata.etag":"\"f5a7a0d8-fb24-48d8-9785-46ccb1e3317f,22\"","id":"f5a7a0d8-fb24-48d8-9785-46ccb1e3317f","name":"Chris
        document library","drive@odata.context":"https://graph.microsoft.com/v1.0/$metadata#Collection(microsoft.graph.list)(''f5a7a0d8-fb24-48d8-9785-46ccb1e3317f'')/drive/$entity","drive":{"createdDateTime":"2024-02-13T15:38:57Z","description":"For
        testing","id":"b!FeOZEMfQx0eGQKqVBLcP__BG8mq-4-9FuRqOyk3MXY_YoKf1JPvYSJeFRsyx4zF_","lastModifiedDateTime":"2024-05-21T12:58:12Z","name":"Chris
        document library","webUrl":"https://ymt6d.sharepoint.com/sites/OPTest/Chris%20document%20library","driveType":"documentLibrary","createdBy":{"user":{"email":"cbliard@ymt6d.onmicrosoft.com","id":"5bbaa900-f913-41c9-9593-c3d03a14684b","displayName":"Christophe
        Bliard"}},"owner":{"group":{"email":"OPTest@ymt6d.onmicrosoft.com","id":"5dfb4269-d3e3-4c70-83f5-c4937ff6dcdb","displayName":"OP
        Test Owners"}},"quota":{"deleted":5267982,"remaining":27487613283359,"state":"normal","total":27487790694400,"used":172143059}}},{"@odata.etag":"\"87d67c02-fdaf-4504-8b39-920984585ad7,20\"","id":"87d67c02-fdaf-4504-8b39-920984585ad7","name":"Marcello
        AMPF","drive@odata.context":"https://graph.microsoft.com/v1.0/$metadata#Collection(microsoft.graph.list)(''87d67c02-fdaf-4504-8b39-920984585ad7'')/drive/$entity","drive":{"createdDateTime":"2025-04-07T12:03:17Z","description":"","id":"b!FeOZEMfQx0eGQKqVBLcP__BG8mq-4-9FuRqOyk3MXY8CfNaHr_0ERYs5kgmEWFrX","lastModifiedDateTime":"2025-09-29T13:42:11Z","name":"Marcello
        (AMPF)","webUrl":"https://ymt6d.sharepoint.com/sites/OPTest/Marcello%20AMPF","driveType":"documentLibrary","createdBy":{"user":{"email":"op.admin@ymt6d.onmicrosoft.com","id":"5b5a7dc4-4539-41ba-9fa9-100f0a26acb7","displayName":"Eric
        Schubert"}},"lastModifiedBy":{"user":{"displayName":"SharePoint App"}},"owner":{"group":{"email":"OPTest@ymt6d.onmicrosoft.com","id":"5dfb4269-d3e3-4c70-83f5-c4937ff6dcdb","displayName":"OP
        Test Owners"}},"quota":{"deleted":5267982,"remaining":27487613283359,"state":"normal","total":27487790694400,"used":172143059}}},{"@odata.etag":"\"587ba428-c078-4d0d-a857-952e781601e7,8\"","id":"587ba428-c078-4d0d-a857-952e781601e7","name":"Dominic","drive@odata.context":"https://graph.microsoft.com/v1.0/$metadata#Collection(microsoft.graph.list)(''587ba428-c078-4d0d-a857-952e781601e7'')/drive/$entity","drive":{"createdDateTime":"2024-07-05T09:54:25Z","description":"","id":"b!FeOZEMfQx0eGQKqVBLcP__BG8mq-4-9FuRqOyk3MXY8opHtYeMANTahXlS54FgHn","lastModifiedDateTime":"2025-11-04T15:20:46Z","name":"Dominic","webUrl":"https://ymt6d.sharepoint.com/sites/OPTest/Dominic","driveType":"documentLibrary","createdBy":{"user":{"email":"op.admin@ymt6d.onmicrosoft.com","id":"5b5a7dc4-4539-41ba-9fa9-100f0a26acb7","displayName":"Eric
        Schubert"}},"lastModifiedBy":{"user":{"email":"op.admin@ymt6d.onmicrosoft.com","id":"5b5a7dc4-4539-41ba-9fa9-100f0a26acb7","displayName":"Eric
        Schubert"}},"owner":{"group":{"email":"OPTest@ymt6d.onmicrosoft.com","id":"5dfb4269-d3e3-4c70-83f5-c4937ff6dcdb","displayName":"OP
        Test Owners"}},"quota":{"deleted":5267982,"remaining":27487613283359,"state":"normal","total":27487790694400,"used":172143059}}},{"@odata.etag":"\"6b0e0177-f280-47a8-bb4c-c29b29823f79,25\"","id":"6b0e0177-f280-47a8-bb4c-c29b29823f79","name":"Markus","drive@odata.context":"https://graph.microsoft.com/v1.0/$metadata#Collection(microsoft.graph.list)(''6b0e0177-f280-47a8-bb4c-c29b29823f79'')/drive/$entity","drive":{"createdDateTime":"2024-05-13T14:53:56Z","description":"","id":"b!FeOZEMfQx0eGQKqVBLcP__BG8mq-4-9FuRqOyk3MXY93AQ5rgPKoR7tMwpspgj95","lastModifiedDateTime":"2025-05-19T13:28:22Z","name":"Markus","webUrl":"https://ymt6d.sharepoint.com/sites/OPTest/Markus","driveType":"documentLibrary","createdBy":{"user":{"email":"op.admin@ymt6d.onmicrosoft.com","id":"5b5a7dc4-4539-41ba-9fa9-100f0a26acb7","displayName":"Eric
        Schubert"}},"lastModifiedBy":{"user":{"email":"op.owner@ymt6d.onmicrosoft.com","id":"ddbce65c-65fd-42a9-be30-253e244c3f36","displayName":"OP
        Owner"}},"owner":{"group":{"email":"OPTest@ymt6d.onmicrosoft.com","id":"5dfb4269-d3e3-4c70-83f5-c4937ff6dcdb","displayName":"OP
        Test Owners"}},"quota":{"deleted":5267982,"remaining":27487613283359,"state":"normal","total":27487790694400,"used":172143059}}},{"@odata.etag":"\"5ea9a363-3a24-4fab-b9ae-cef9a25a3156,20\"","id":"5ea9a363-3a24-4fab-b9ae-cef9a25a3156","name":"Marcello
        VCR","drive@odata.context":"https://graph.microsoft.com/v1.0/$metadata#Collection(microsoft.graph.list)(''5ea9a363-3a24-4fab-b9ae-cef9a25a3156'')/drive/$entity","drive":{"createdDateTime":"2025-04-07T12:02:17Z","description":"","id":"b!FeOZEMfQx0eGQKqVBLcP__BG8mq-4-9FuRqOyk3MXY9jo6leJDqrT7muzvmiWjFW","lastModifiedDateTime":"2025-10-06T14:57:47Z","name":"Marcello
        (VCR)","webUrl":"https://ymt6d.sharepoint.com/sites/OPTest/Marcello%20VCR","driveType":"documentLibrary","createdBy":{"user":{"email":"op.admin@ymt6d.onmicrosoft.com","id":"5b5a7dc4-4539-41ba-9fa9-100f0a26acb7","displayName":"Eric
        Schubert"}},"lastModifiedBy":{"user":{"email":"op.member@ymt6d.onmicrosoft.com","id":"a9023fd0-c421-4695-b83c-bb3ba67708d6","displayName":"OP
        Member"}},"owner":{"group":{"email":"OPTest@ymt6d.onmicrosoft.com","id":"5dfb4269-d3e3-4c70-83f5-c4937ff6dcdb","displayName":"OP
        Test Owners"}},"quota":{"deleted":5267982,"remaining":27487613283359,"state":"normal","total":27487790694400,"used":172143059}}},{"@odata.etag":"\"03b7a8ae-9cc8-46b9-9d63-d25b83d1bd6f,3\"","id":"03b7a8ae-9cc8-46b9-9d63-d25b83d1bd6f","name":"AMPF
        VCR","drive@odata.context":"https://graph.microsoft.com/v1.0/$metadata#Collection(microsoft.graph.list)(''03b7a8ae-9cc8-46b9-9d63-d25b83d1bd6f'')/drive/$entity","drive":{"createdDateTime":"2025-10-20T08:57:53Z","description":"","id":"b!FeOZEMfQx0eGQKqVBLcP__BG8mq-4-9FuRqOyk3MXY-uqLcDyJy5Rp1j0luD0b1v","lastModifiedDateTime":"2025-11-06T14:59:13Z","name":"AMPF
        VCR","webUrl":"https://ymt6d.sharepoint.com/sites/OPTest/AMPF%20VCR","driveType":"documentLibrary","createdBy":{"user":{"displayName":"SharePoint
        App"}},"lastModifiedBy":{"user":{"email":"op.owner@ymt6d.onmicrosoft.com","id":"ddbce65c-65fd-42a9-be30-253e244c3f36","displayName":"OP
        Owner"}},"owner":{"group":{"email":"OPTest@ymt6d.onmicrosoft.com","id":"5dfb4269-d3e3-4c70-83f5-c4937ff6dcdb","displayName":"OP
        Test Owners"}},"quota":{"deleted":5267982,"remaining":27487613283359,"state":"normal","total":27487790694400,"used":172143059}}},{"@odata.etag":"\"da53472d-ec9c-4fb1-b021-d89d3748c8a1,0\"","id":"da53472d-ec9c-4fb1-b021-d89d3748c8a1","name":"wte"},{"@odata.etag":"\"834449c8-dc24-44e0-a59a-e94f9128801c,11\"","id":"834449c8-dc24-44e0-a59a-e94f9128801c","name":"Access
        Requests"}]}'
  recorded_at: Thu, 06 Nov 2025 14:59:17 GMT
- request:
    method: get
    uri: https://graph.microsoft.com/v1.0/drives/b!FeOZEMfQx0eGQKqVBLcP__BG8mq-4-9FuRqOyk3MXY-uqLcDyJy5Rp1j0luD0b1v/root/children?$select=id,name,size,webUrl,lastModifiedBy,createdBy,fileSystemInfo,file,folder,parentReference
    body:
      encoding: US-ASCII
      string: ''
    headers:
      Authorization:
      - Bearer <BEARER TOKEN>
      User-Agent:
      - httpx.rb/1.6.2
      Accept:
      - "*/*"
      Accept-Encoding:
      - gzip, deflate
  response:
    status:
      code: 200
      message: OK
    headers:
      Cache-Control:
      - no-store, no-cache
      Content-Type:
      - application/json; odata.metadata=minimal; odata.streaming=true; IEEE754Compatible=false;
        charset=utf-8
      Content-Encoding:
      - gzip
      Strict-Transport-Security:
      - max-age=31536000
      Request-Id:
      - 538aa3bb-c387-4c08-bbf3-be86d5cba529
      Client-Request-Id:
      - 538aa3bb-c387-4c08-bbf3-be86d5cba529
      X-Ms-Ags-Diagnostic:
      - '{"ServerInfo":{"DataCenter":"Germany West Central","Slice":"E","Ring":"4","ScaleUnit":"006","RoleInstance":"FR1PEPF0000549D"}}'
      Splogid:
      - abbdd6a1-9041-0000-9865-081df20288af
      Date:
      - Thu, 06 Nov 2025 14:59:17 GMT
    body:
      encoding: UTF-8
      string: '{"@odata.context":"https://graph.microsoft.com/v1.0/$metadata#Collection(driveItem)","value":[{"@odata.etag":"\"{00E81E87-C1C4-4E1A-874B-80ADA530FEE9},2\"","createdBy":{"application":{"id":"404e0567-19a1-4a64-b2d1-d3b0c99f2ed9","displayName":"OP
        Selected"},"user":{"displayName":"SharePoint App"}},"id":"01ANJ53W4HD3UABRGBDJHIOS4AVWSTB7XJ","lastModifiedBy":{"application":{"id":"404e0567-19a1-4a64-b2d1-d3b0c99f2ed9","displayName":"OP
        Selected"},"user":{"displayName":"SharePoint App"}},"name":"[Sample] Project
        Name _ Ehuu (81)","parentReference":{"driveType":"documentLibrary","driveId":"b!FeOZEMfQx0eGQKqVBLcP__BG8mq-4-9FuRqOyk3MXY-uqLcDyJy5Rp1j0luD0b1v","id":"01ANJ53W56Y2GOVW7725BZO354PWSELRRZ","name":"AMPF
        VCR","path":"/drives/b!FeOZEMfQx0eGQKqVBLcP__BG8mq-4-9FuRqOyk3MXY-uqLcDyJy5Rp1j0luD0b1v/root:","siteId":"1099e315-d0c7-47c7-8640-aa9504b70fff"},"webUrl":"https://ymt6d.sharepoint.com/sites/OPTest/AMPF%20VCR/%5BSample%5D%20Project%20Name%20_%20Ehuu%20(81)","fileSystemInfo":{"createdDateTime":"2025-11-06T14:59:12Z","lastModifiedDateTime":"2025-11-06T14:59:12Z"},"folder":{"childCount":0},"size":0},{"@odata.etag":"\"{150C865A-0121-434E-913F-42EF7BAC672A},2\"","createdBy":{"application":{"id":"404e0567-19a1-4a64-b2d1-d3b0c99f2ed9","displayName":"OP
        Selected"},"user":{"displayName":"SharePoint App"}},"id":"01ANJ53W22QYGBKIIBJZBZCP2C5552YZZK","lastModifiedBy":{"application":{"id":"404e0567-19a1-4a64-b2d1-d3b0c99f2ed9","displayName":"OP
        Selected"},"user":{"displayName":"SharePoint App"}},"name":"_=o=_ _ _Jedi_
        Project Folder ___ (82)","parentReference":{"driveType":"documentLibrary","driveId":"b!FeOZEMfQx0eGQKqVBLcP__BG8mq-4-9FuRqOyk3MXY-uqLcDyJy5Rp1j0luD0b1v","id":"01ANJ53W56Y2GOVW7725BZO354PWSELRRZ","name":"AMPF
        VCR","path":"/drives/b!FeOZEMfQx0eGQKqVBLcP__BG8mq-4-9FuRqOyk3MXY-uqLcDyJy5Rp1j0luD0b1v/root:","siteId":"1099e315-d0c7-47c7-8640-aa9504b70fff"},"webUrl":"https://ymt6d.sharepoint.com/sites/OPTest/AMPF%20VCR/_=o=_%20_%20_Jedi_%20Project%20Folder%20___%20(82)","fileSystemInfo":{"createdDateTime":"2025-11-06T14:59:12Z","lastModifiedDateTime":"2025-11-06T14:59:12Z"},"folder":{"childCount":0},"size":0},{"@odata.etag":"\"{F7073165-B931-4414-A806-A0C759434EB1},2\"","createdBy":{"application":{"id":"404e0567-19a1-4a64-b2d1-d3b0c99f2ed9","displayName":"OP
        Selected"},"user":{"displayName":"SharePoint App"}},"id":"01ANJ53W3FGED7OMNZCRCKQBVAY5MUGTVR","lastModifiedBy":{"application":{"id":"404e0567-19a1-4a64-b2d1-d3b0c99f2ed9","displayName":"OP
        Selected"},"user":{"displayName":"SharePoint App"}},"name":"PUBLIC PROJECT
        (84)","parentReference":{"driveType":"documentLibrary","driveId":"b!FeOZEMfQx0eGQKqVBLcP__BG8mq-4-9FuRqOyk3MXY-uqLcDyJy5Rp1j0luD0b1v","id":"01ANJ53W56Y2GOVW7725BZO354PWSELRRZ","name":"AMPF
        VCR","path":"/drives/b!FeOZEMfQx0eGQKqVBLcP__BG8mq-4-9FuRqOyk3MXY-uqLcDyJy5Rp1j0luD0b1v/root:","siteId":"1099e315-d0c7-47c7-8640-aa9504b70fff"},"webUrl":"https://ymt6d.sharepoint.com/sites/OPTest/AMPF%20VCR/PUBLIC%20PROJECT%20(84)","fileSystemInfo":{"createdDateTime":"2025-11-06T14:59:13Z","lastModifiedDateTime":"2025-11-06T14:59:13Z"},"folder":{"childCount":0},"size":0}]}'
  recorded_at: Thu, 06 Nov 2025 14:59:17 GMT
- request:
    method: get
    uri: https://graph.microsoft.com/v1.0/drives/b!FeOZEMfQx0eGQKqVBLcP__BG8mq-4-9FuRqOyk3MXY-uqLcDyJy5Rp1j0luD0b1v/items/01ANJ53W3FGED7OMNZCRCKQBVAY5MUGTVR/permissions
    body:
      encoding: US-ASCII
      string: ''
    headers:
      Authorization:
      - Bearer <BEARER TOKEN>
      User-Agent:
      - httpx.rb/1.6.2
      Accept:
      - "*/*"
      Accept-Encoding:
      - gzip, deflate
  response:
    status:
      code: 200
      message: OK
    headers:
      Cache-Control:
      - no-store, no-cache
      Content-Type:
      - application/json;odata.metadata=minimal;odata.streaming=true;IEEE754Compatible=false;charset=utf-8
      Content-Encoding:
      - gzip
      Vary:
      - Accept-Encoding
      Strict-Transport-Security:
      - max-age=31536000
      Request-Id:
      - 56eb6cc9-2df4-438e-8d6f-c1a6e28340c7
      Client-Request-Id:
      - 56eb6cc9-2df4-438e-8d6f-c1a6e28340c7
      X-Ms-Ags-Diagnostic:
      - '{"ServerInfo":{"DataCenter":"Germany West Central","Slice":"E","Ring":"4","ScaleUnit":"006","RoleInstance":"FR1PEPF000054A9"}}'
      Link:
      - <https://developer.microsoft-tst.com/en-us/graph/changes?$filterby=v1.0,Removal&from=2021-09-01&to=2021-10-01>;rel="deprecation";type="text/html",
        <https://developer.microsoft-tst.com/en-us/graph/changes?$filterby=v1.0,Removal&from=2021-09-01&to=2021-10-01>;rel="deprecation";type="text/html"
      Deprecation:
      - Fri, 03 Sep 2021 23:59:59 GMT
      Sunset:
      - Sun, 01 Oct 2023 23:59:59 GMT
      Splogid:
      - abbdd6a1-a059-0000-8a2e-035d2f5472af
      Odata-Version:
      - '4.0'
      Date:
      - Thu, 06 Nov 2025 14:59:17 GMT
    body:
      encoding: UTF-8
      string: '{"@odata.context":"https://graph.microsoft.com/v1.0/$metadata#drives(''b%21FeOZEMfQx0eGQKqVBLcP__BG8mq-4-9FuRqOyk3MXY-uqLcDyJy5Rp1j0luD0b1v'')/items(''01ANJ53W3FGED7OMNZCRCKQBVAY5MUGTVR'')/permissions","value":[{"id":"aTowIy5mfG1lbWJlcnNoaXB8bWVnYW5iQHltdDZkLm9ubWljcm9zb2Z0LmNvbQ","roles":["write"],"shareId":"aTowIy5mfG1lbWJlcnNoaXB8bWVnYW5iQHltdDZkLm9ubWljcm9zb2Z0LmNvbQ","grantedToV2":{"user":{"@odata.type":"#microsoft.graph.sharePointIdentity","displayName":"Megan
        Bowen","email":"MeganB@ymt6d.onmicrosoft.com","id":"f220e557-9477-47d5-94a7-672843be6b0a"},"siteUser":{"displayName":"Megan
        Bowen","email":"MeganB@ymt6d.onmicrosoft.com","id":"12","loginName":"i:0#.f|membership|meganb@ymt6d.onmicrosoft.com"}},"grantedTo":{"user":{"displayName":"Megan
        Bowen","email":"MeganB@ymt6d.onmicrosoft.com","id":"f220e557-9477-47d5-94a7-672843be6b0a"}}},{"id":"aTowIy5mfG1lbWJlcnNoaXB8b3AubWVtYmVyQHltdDZkLm9ubWljcm9zb2Z0LmNvbQ","roles":["read"],"shareId":"aTowIy5mfG1lbWJlcnNoaXB8b3AubWVtYmVyQHltdDZkLm9ubWljcm9zb2Z0LmNvbQ","grantedToV2":{"user":{"@odata.type":"#microsoft.graph.sharePointIdentity","displayName":"OP
        Member","email":"op.member@ymt6d.onmicrosoft.com","id":"a9023fd0-c421-4695-b83c-bb3ba67708d6"},"siteUser":{"displayName":"OP
        Member","email":"op.member@ymt6d.onmicrosoft.com","id":"15","loginName":"i:0#.f|membership|op.member@ymt6d.onmicrosoft.com"}},"grantedTo":{"user":{"displayName":"OP
        Member","email":"op.member@ymt6d.onmicrosoft.com","id":"a9023fd0-c421-4695-b83c-bb3ba67708d6"}}},{"id":"aTowIy5mfG1lbWJlcnNoaXB8aGVucmlldHRhbUB5bXQ2ZC5vbm1pY3Jvc29mdC5jb20","roles":["read"],"shareId":"aTowIy5mfG1lbWJlcnNoaXB8aGVucmlldHRhbUB5bXQ2ZC5vbm1pY3Jvc29mdC5jb20","grantedToV2":{"user":{"@odata.type":"#microsoft.graph.sharePointIdentity","displayName":"Henrietta
        Mueller","email":"HenriettaM@ymt6d.onmicrosoft.com","id":"49abf87c-31df-47ef-858d-fbc801b0985a"},"siteUser":{"displayName":"Henrietta
        Mueller","email":"HenriettaM@ymt6d.onmicrosoft.com","id":"25","loginName":"i:0#.f|membership|henriettam@ymt6d.onmicrosoft.com"}},"grantedTo":{"user":{"displayName":"Henrietta
        Mueller","email":"HenriettaM@ymt6d.onmicrosoft.com","id":"49abf87c-31df-47ef-858d-fbc801b0985a"}}},{"id":"Yzowby5jfGZlZGVyYXRlZGRpcmVjdG9yeWNsYWltcHJvdmlkZXJ8NWRmYjQyNjktZDNlMy00YzcwLTgzZjUtYzQ5MzdmZjZkY2RiX28","roles":["owner"],"shareId":"Yzowby5jfGZlZGVyYXRlZGRpcmVjdG9yeWNsYWltcHJvdmlkZXJ8NWRmYjQyNjktZDNlMy00YzcwLTgzZjUtYzQ5MzdmZjZkY2RiX28","grantedToV2":{"group":{"@odata.type":"#microsoft.graph.sharePointIdentity","displayName":"OP
        Test Owners","email":"OPTest@ymt6d.onmicrosoft.com","id":"5dfb4269-d3e3-4c70-83f5-c4937ff6dcdb"},"siteUser":{"displayName":"OP
        Test Owners","email":"OPTest@ymt6d.onmicrosoft.com","id":"6","loginName":"c:0o.c|federateddirectoryclaimprovider|5dfb4269-d3e3-4c70-83f5-c4937ff6dcdb_o"}},"grantedTo":{"user":{"displayName":"OP
        Test Owners","email":"OPTest@ymt6d.onmicrosoft.com","id":"5dfb4269-d3e3-4c70-83f5-c4937ff6dcdb"}}}]}'
  recorded_at: Thu, 06 Nov 2025 14:59:18 GMT
- request:
    method: delete
    uri: https://graph.microsoft.com/v1.0/drives/b!FeOZEMfQx0eGQKqVBLcP__BG8mq-4-9FuRqOyk3MXY-uqLcDyJy5Rp1j0luD0b1v/items/01ANJ53W4HD3UABRGBDJHIOS4AVWSTB7XJ
    body:
      encoding: US-ASCII
      string: ''
    headers:
      Authorization:
      - Bearer <BEARER TOKEN>
      User-Agent:
      - httpx.rb/1.6.2
      Accept:
      - "*/*"
      Accept-Encoding:
      - gzip, deflate
  response:
    status:
      code: 204
      message: No Content
    headers:
      Cache-Control:
      - no-store, no-cache
      Strict-Transport-Security:
      - max-age=31536000
      Request-Id:
      - b720d00b-3ad1-4c17-afdb-981fbb03c916
      Client-Request-Id:
      - b720d00b-3ad1-4c17-afdb-981fbb03c916
      X-Ms-Ags-Diagnostic:
      - '{"ServerInfo":{"DataCenter":"Germany West Central","Slice":"E","Ring":"4","ScaleUnit":"006","RoleInstance":"FR1PEPF00005448"}}'
      Splogid:
      - abbdd6a1-c073-0000-8a2e-0bae98d9382b
      Date:
      - Thu, 06 Nov 2025 14:59:18 GMT
    body:
      encoding: UTF-8
      string: ''
  recorded_at: Thu, 06 Nov 2025 14:59:18 GMT
- request:
    method: delete
    uri: https://graph.microsoft.com/v1.0/drives/b!FeOZEMfQx0eGQKqVBLcP__BG8mq-4-9FuRqOyk3MXY-uqLcDyJy5Rp1j0luD0b1v/items/01ANJ53W22QYGBKIIBJZBZCP2C5552YZZK
    body:
      encoding: US-ASCII
      string: ''
    headers:
      Authorization:
      - Bearer <BEARER TOKEN>
      User-Agent:
      - httpx.rb/1.6.2
      Accept:
      - "*/*"
      Accept-Encoding:
      - gzip, deflate
  response:
    status:
      code: 204
      message: No Content
    headers:
      Cache-Control:
      - no-store, no-cache
      Strict-Transport-Security:
      - max-age=31536000
      Request-Id:
      - 707577be-48ac-46b7-9a33-481f0c889472
      Client-Request-Id:
      - 707577be-48ac-46b7-9a33-481f0c889472
      X-Ms-Ags-Diagnostic:
      - '{"ServerInfo":{"DataCenter":"Germany West Central","Slice":"E","Ring":"4","ScaleUnit":"006","RoleInstance":"FR1PEPF00001FC6"}}'
      Splogid:
      - abbdd6a1-608a-0000-8a2e-023c792f894e
      Date:
      - Thu, 06 Nov 2025 14:59:18 GMT
    body:
      encoding: UTF-8
      string: ''
  recorded_at: Thu, 06 Nov 2025 14:59:18 GMT
- request:
    method: delete
    uri: https://graph.microsoft.com/v1.0/drives/b!FeOZEMfQx0eGQKqVBLcP__BG8mq-4-9FuRqOyk3MXY-uqLcDyJy5Rp1j0luD0b1v/items/01ANJ53W3FGED7OMNZCRCKQBVAY5MUGTVR
    body:
      encoding: US-ASCII
      string: ''
    headers:
      Authorization:
      - Bearer <BEARER TOKEN>
      User-Agent:
      - httpx.rb/1.6.2
      Accept:
      - "*/*"
      Accept-Encoding:
      - gzip, deflate
  response:
    status:
      code: 204
      message: No Content
    headers:
      Cache-Control:
      - no-store, no-cache
      Strict-Transport-Security:
      - max-age=31536000
      Request-Id:
      - dc33e904-86e7-4cee-9935-afce595b3e7c
      Client-Request-Id:
      - dc33e904-86e7-4cee-9935-afce595b3e7c
      X-Ms-Ags-Diagnostic:
      - '{"ServerInfo":{"DataCenter":"Germany West Central","Slice":"E","Ring":"4","ScaleUnit":"006","RoleInstance":"FR1PEPF00001FC8"}}'
      Splogid:
      - abbdd6a1-f09c-0000-9865-0bd21c4b664d
      Date:
      - Thu, 06 Nov 2025 14:59:18 GMT
    body:
      encoding: UTF-8
      string: ''
  recorded_at: Thu, 06 Nov 2025 14:59:19 GMT
recorded_with: VCR 6.3.1
